Archive member included because of file (symbol)

C:\Users\User\AppData\Roaming\arduino15\packages\arduino\hardware\sam\1.6.4\variants\arduino_due_x/libsam_sam3x8e_gcc_rel.a(pio.o)
                              C:\Users\User\AppData\Local\Temp\VMBuilds\hAPI_DataTest\arduino_due_x\Release\variant\variant.cpp.o (PIO_Configure)
C:\Users\User\AppData\Roaming\arduino15\packages\arduino\hardware\sam\1.6.4\variants\arduino_due_x/libsam_sam3x8e_gcc_rel.a(pmc.o)
                              C:\Users\User\AppData\Local\Temp\VMBuilds\hAPI_DataTest\arduino_due_x\Release\variant\variant.cpp.o (pmc_enable_periph_clk)
C:\Users\User\AppData\Roaming\arduino15\packages\arduino\hardware\sam\1.6.4\variants\arduino_due_x/libsam_sam3x8e_gcc_rel.a(wdt.o)
                              C:\Users\User\AppData\Local\Temp\VMBuilds\hAPI_DataTest\arduino_due_x\Release\variant\variant.cpp.o (WDT_Disable)
C:\Users\User\AppData\Roaming\arduino15\packages\arduino\hardware\sam\1.6.4\variants\arduino_due_x/libsam_sam3x8e_gcc_rel.a(system_sam3xa.o)
                              C:\Users\User\AppData\Local\Temp\VMBuilds\hAPI_DataTest\arduino_due_x\Release\variant\variant.cpp.o (SystemInit)
C:\Users\User\AppData\Roaming\arduino15\packages\arduino\hardware\sam\1.6.4\variants\arduino_due_x/libsam_sam3x8e_gcc_rel.a(startup_sam3xa.o)
                              (Reset_Handler)
C:\Users\User\AppData\Roaming\arduino15\packages\arduino\hardware\sam\1.6.4\variants\arduino_due_x/libsam_sam3x8e_gcc_rel.a(adc.o)
                              C:\Users\User\AppData\Local\Temp\VMBuilds\hAPI_DataTest\arduino_due_x\Release\variant\variant.cpp.o (adc_init)
C:\Users\User\AppData\Roaming\arduino15\packages\arduino\hardware\sam\1.6.4\variants\arduino_due_x/libsam_sam3x8e_gcc_rel.a(uotghs.o)
                              C:\Users\User\AppData\Roaming\arduino15\packages\arduino\hardware\sam\1.6.4\variants\arduino_due_x/libsam_sam3x8e_gcc_rel.a(startup_sam3xa.o) (UOTGHS_Handler)
C:\Users\User\AppData\Local\Temp\VMBuilds\hAPI_DataTest\arduino_due_x\Release/core.a(cortex_handlers.c.o)
                              C:\Users\User\AppData\Roaming\arduino15\packages\arduino\hardware\sam\1.6.4\variants\arduino_due_x/libsam_sam3x8e_gcc_rel.a(startup_sam3xa.o) (NMI_Handler)
C:\Users\User\AppData\Local\Temp\VMBuilds\hAPI_DataTest\arduino_due_x\Release/core.a(hooks.c.o)
                              C:\Users\User\AppData\Local\Temp\VMBuilds\hAPI_DataTest\arduino_due_x\Release/core.a(cortex_handlers.c.o) (sysTickHook)
C:\Users\User\AppData\Local\Temp\VMBuilds\hAPI_DataTest\arduino_due_x\Release/core.a(wiring_analog.c.o)
                              C:\Users\User\AppData\Local\Temp\VMBuilds\hAPI_DataTest\arduino_due_x\Release\variant\variant.cpp.o (analogOutputInit)
C:\Users\User\AppData\Local\Temp\VMBuilds\hAPI_DataTest\arduino_due_x\Release/core.a(wiring_digital.c.o)
                              C:\Users\User\AppData\Local\Temp\VMBuilds\hAPI_DataTest\arduino_due_x\Release/core.a(wiring_analog.c.o) (pinMode)
C:\Users\User\AppData\Local\Temp\VMBuilds\hAPI_DataTest\arduino_due_x\Release/core.a(main.cpp.o)
                              c:/users/user/appdata/roaming/arduino15/packages/arduino/tools/arm-none-eabi-gcc/4.8.3-2014q1/bin/../lib/gcc/arm-none-eabi/4.8.3/../../../../arm-none-eabi/lib/armv7-m/crt0.o (main)
C:\Users\User\AppData\Local\Temp\VMBuilds\hAPI_DataTest\arduino_due_x\Release/core.a(new.cpp.o)
                              C:\Users\User\AppData\Local\Temp\VMBuilds\hAPI_DataTest\arduino_due_x\Release\hAPI_DataTest.cpp.o (operator new[](unsigned int))
C:\Users\User\AppData\Local\Temp\VMBuilds\hAPI_DataTest\arduino_due_x\Release/core.a(Print.cpp.o)
                              C:\Users\User\AppData\Local\Temp\VMBuilds\hAPI_DataTest\arduino_due_x\Release\hAPI_DataTest.cpp.o (Print::println(char const*))
C:\Users\User\AppData\Local\Temp\VMBuilds\hAPI_DataTest\arduino_due_x\Release/core.a(Reset.cpp.o)
                              C:\Users\User\AppData\Local\Temp\VMBuilds\hAPI_DataTest\arduino_due_x\Release/core.a(cortex_handlers.c.o) (tickReset)
C:\Users\User\AppData\Local\Temp\VMBuilds\hAPI_DataTest\arduino_due_x\Release/core.a(RingBuffer.cpp.o)
                              C:\Users\User\AppData\Local\Temp\VMBuilds\hAPI_DataTest\arduino_due_x\Release\variant\variant.cpp.o (RingBuffer::RingBuffer())
C:\Users\User\AppData\Local\Temp\VMBuilds\hAPI_DataTest\arduino_due_x\Release/core.a(UARTClass.cpp.o)
                              C:\Users\User\AppData\Local\Temp\VMBuilds\hAPI_DataTest\arduino_due_x\Release\variant\variant.cpp.o (UARTClass::available())
C:\Users\User\AppData\Local\Temp\VMBuilds\hAPI_DataTest\arduino_due_x\Release/core.a(USARTClass.cpp.o)
                              C:\Users\User\AppData\Local\Temp\VMBuilds\hAPI_DataTest\arduino_due_x\Release\variant\variant.cpp.o (USARTClass::USARTClass(Usart*, IRQn, unsigned long, RingBuffer*, RingBuffer*))
[...]
Memory Configuration

Name             Origin             Length             Attributes
rom              0x00080000         0x00080000         xr
sram0            0x20000000         0x00010000         xrw
sram1            0x20080000         0x00008000         xrw
ram              0x20070000         0x00018000         xrw
*default*        0x00000000         0xffffffff

Linker script and memory map

LOAD c:/users/user/appdata/roaming/arduino15/packages/arduino/tools/arm-none-eabi-gcc/4.8.3-2014q1/bin/../lib/gcc/arm-none-eabi/4.8.3/armv7-m/crti.o
LOAD c:/users/user/appdata/roaming/arduino15/packages/arduino/tools/arm-none-eabi-gcc/4.8.3-2014q1/bin/../lib/gcc/arm-none-eabi/4.8.3/armv7-m/crtbegin.o
LOAD c:/users/user/appdata/roaming/arduino15/packages/arduino/tools/arm-none-eabi-gcc/4.8.3-2014q1/bin/../lib/gcc/arm-none-eabi/4.8.3/../../../../arm-none-eabi/lib/armv7-m/crt0.o
START GROUP
LOAD C:\Users\User\AppData\Local\Temp\VMBuilds\hAPI_DataTest\arduino_due_x\Release/core/syscalls_sam3.c.o
LOAD C:\Users\User\AppData\Local\Temp\VMBuilds\hAPI_DataTest\arduino_due_x\Release\hAPI_DataTest.cpp.o
LOAD C:\Users\User\AppData\Local\Temp\VMBuilds\hAPI_DataTest\arduino_due_x\Release\hAPI_Data.cpp.o
LOAD C:\Users\User\AppData\Local\Temp\VMBuilds\hAPI_DataTest\arduino_due_x\Release\variant\variant.cpp.o
LOAD C:\Users\User\AppData\Roaming\arduino15\packages\arduino\hardware\sam\1.6.4\variants\arduino_due_x/libsam_sam3x8e_gcc_rel.a
LOAD C:\Users\User\AppData\Local\Temp\VMBuilds\hAPI_DataTest\arduino_due_x\Release/core.a
END GROUP
LOAD c:/users/user/appdata/roaming/arduino15/packages/arduino/tools/arm-none-eabi-gcc/4.8.3-2014q1/bin/../lib/gcc/arm-none-eabi/4.8.3/../../../../arm-none-eabi/lib/armv7-m\libm.a
START GROUP
LOAD c:/users/user/appdata/roaming/arduino15/packages/arduino/tools/arm-none-eabi-gcc/4.8.3-2014q1/bin/../lib/gcc/arm-none-eabi/4.8.3/armv7-m\libgcc.a
LOAD c:/users/user/appdata/roaming/arduino15/packages/arduino/tools/arm-none-eabi-gcc/4.8.3-2014q1/bin/../lib/gcc/arm-none-eabi/4.8.3/../../../../arm-none-eabi/lib/armv7-m\libg.a
LOAD c:/users/user/appdata/roaming/arduino15/packages/arduino/tools/arm-none-eabi-gcc/4.8.3-2014q1/bin/../lib/gcc/arm-none-eabi/4.8.3/../../../../arm-none-eabi/lib/armv7-m\libc.a
END GROUP
LOAD c:/users/user/appdata/roaming/arduino15/packages/arduino/tools/arm-none-eabi-gcc/4.8.3-2014q1/bin/../lib/gcc/arm-none-eabi/4.8.3/armv7-m/crtend.o
LOAD c:/users/user/appdata/roaming/arduino15/packages/arduino/tools/arm-none-eabi-gcc/4.8.3-2014q1/bin/../lib/gcc/arm-none-eabi/4.8.3/armv7-m/crtn.o

.text           0x00080000     0x3274
                0x00080000                . = ALIGN (0x4)
                0x00080000                _sfixed = .
 *(.vectors .vectors.*)
 .vectors       0x00080000       0xf4 C:\Users\User\AppData\Roaming\arduino15\packages\arduino\hardware\sam\1.6.4\variants\arduino_due_x/libsam_sam3x8e_gcc_rel.a(startup_sam3xa.o)
                0x00080000                exception_table
 *(.text .text.* .gnu.linkonce.t.*)
 .text          0x000800f4       0x54 c:/users/user/appdata/roaming/arduino15/packages/arduino/tools/arm-none-eabi-gcc/4.8.3-2014q1/bin/../lib/gcc/arm-none-eabi/4.8.3/armv7-m/crtbegin.o
 .text._sbrk    0x00080148       0x1c C:\Users\User\AppData\Local\Temp\VMBuilds\hAPI_DataTest\arduino_due_x\Release/core/syscalls_sam3.c.o
                0x00080148                _sbrk
 .text.setup    0x00080164       0x4c C:\Users\User\AppData\Local\Temp\VMBuilds\hAPI_DataTest\arduino_due_x\Release\hAPI_DataTest.cpp.o
                0x00080164                setup
 .text.loop     0x000801b0        0x2 C:\Users\User\AppData\Local\Temp\VMBuilds\hAPI_DataTest\arduino_due_x\Release\hAPI_DataTest.cpp.o
                0x000801b0                loop
 .text._Z11serialEventv
                0x000801b2        0x2 C:\Users\User\AppData\Local\Temp\VMBuilds\hAPI_DataTest\arduino_due_x\Release\variant\variant.cpp.o
                0x000801b2                serialEvent()
 .text.UART_Handler
                0x000801b4        0xc C:\Users\User\AppData\Local\Temp\VMBuilds\hAPI_DataTest\arduino_due_x\Release\variant\variant.cpp.o
                0x000801b4                UART_Handler
 .text._Z12serialEvent1v
                0x000801c0        0x2 C:\Users\User\AppData\Local\Temp\VMBuilds\hAPI_DataTest\arduino_due_x\Release\variant\variant.cpp.o
                0x000801c0                serialEvent1()
 .text._Z12serialEvent2v
                0x000801c2        0x2 C:\Users\User\AppData\Local\Temp\VMBuilds\hAPI_DataTest\arduino_due_x\Release\variant\variant.cpp.o
                0x000801c2                serialEvent2()
 .text._Z12serialEvent3v
                0x000801c4        0x2 C:\Users\User\AppData\Local\Temp\VMBuilds\hAPI_DataTest\arduino_due_x\Release\variant\variant.cpp.o
                0x000801c4                serialEvent3()
 *fill*         0x000801c6        0x2 
 .text.USART0_Handler
                0x000801c8        0xc C:\Users\User\AppData\Local\Temp\VMBuilds\hAPI_DataTest\arduino_due_x\Release\variant\variant.cpp.o
                0x000801c8                USART0_Handler
 .text.USART1_Handler
                0x000801d4        0xc C:\Users\User\AppData\Local\Temp\VMBuilds\hAPI_DataTest\arduino_due_x\Release\variant\variant.cpp.o
                0x000801d4                USART1_Handler
 .text.USART3_Handler
                0x000801e0        0xc C:\Users\User\AppData\Local\Temp\VMBuilds\hAPI_DataTest\arduino_due_x\Release\variant\variant.cpp.o
                0x000801e0                USART3_Handler
 .text.init     0x000801ec      0x130 C:\Users\User\AppData\Local\Temp\VMBuilds\hAPI_DataTest\arduino_due_x\Release\variant\variant.cpp.o
                0x000801ec                init
 .text.startup._GLOBAL__sub_I_g_APinDescription
                0x0008031c       0xd4 C:\Users\User\AppData\Local\Temp\VMBuilds\hAPI_DataTest\arduino_due_x\Release\variant\variant.cpp.o
 .text._Z14serialEventRunv
                0x000803f0       0x44 C:\Users\User\AppData\Local\Temp\VMBuilds\hAPI_DataTest\arduino_due_x\Release\variant\variant.cpp.o
                0x000803f0                serialEventRun()
 .text.PIO_DisableInterrupt
                0x00080434        0x4 C:\Users\User\AppData\Roaming\arduino15\packages\arduino\hardware\sam\1.6.4\variants\arduino_due_x/libsam_sam3x8e_gcc_rel.a(pio.o)
                0x00080434                PIO_DisableInterrupt
 .text.PIO_PullUp
                0x00080438        0xa C:\Users\User\AppData\Roaming\arduino15\packages\arduino\hardware\sam\1.6.4\variants\arduino_due_x/libsam_sam3x8e_gcc_rel.a(pio.o)
                0x00080438                PIO_PullUp
 .text.PIO_SetPeripheral
                0x00080442       0x2a C:\Users\User\AppData\Roaming\arduino15\packages\arduino\hardware\sam\1.6.4\variants\arduino_due_x/libsam_sam3x8e_gcc_rel.a(pio.o)
                0x00080442                PIO_SetPeripheral
 .text.PIO_SetInput
                0x0008046c       0x40 C:\Users\User\AppData\Roaming\arduino15\packages\arduino\hardware\sam\1.6.4\variants\arduino_due_x/libsam_sam3x8e_gcc_rel.a(pio.o)
                0x0008046c                PIO_SetInput
 .text.PIO_SetOutput
                0x000804ac       0x38 C:\Users\User\AppData\Roaming\arduino15\packages\arduino\hardware\sam\1.6.4\variants\arduino_due_x/libsam_sam3x8e_gcc_rel.a(pio.o)
                0x000804ac                PIO_SetOutput
 .text.PIO_Configure
                0x000804e4       0x74 C:\Users\User\AppData\Roaming\arduino15\packages\arduino\hardware\sam\1.6.4\variants\arduino_due_x/libsam_sam3x8e_gcc_rel.a(pio.o)
                0x000804e4                PIO_Configure
 .text.PIO_GetOutputDataStatus
                0x00080558       0x16 C:\Users\User\AppData\Roaming\arduino15\packages\arduino\hardware\sam\1.6.4\variants\arduino_due_x/libsam_sam3x8e_gcc_rel.a(pio.o)
                0x00080558                PIO_GetOutputDataStatus
 *fill*         0x0008056e        0x2 
 .text.pmc_enable_upll_clock
                0x00080570       0x18 C:\Users\User\AppData\Roaming\arduino15\packages\arduino\hardware\sam\1.6.4\variants\arduino_due_x/libsam_sam3x8e_gcc_rel.a(pmc.o)
                0x00080570                pmc_enable_upll_clock
 .text.pmc_enable_periph_clk
                0x00080588       0x48 C:\Users\User\AppData\Roaming\arduino15\packages\arduino\hardware\sam\1.6.4\variants\arduino_due_x/libsam_sam3x8e_gcc_rel.a(pmc.o)
                0x00080588                pmc_enable_periph_clk
 .text.pmc_disable_periph_clk
                0x000805d0       0x48 C:\Users\User\AppData\Roaming\arduino15\packages\arduino\hardware\sam\1.6.4\variants\arduino_due_x/libsam_sam3x8e_gcc_rel.a(pmc.o)
                0x000805d0                pmc_disable_periph_clk
 .text.pmc_switch_udpck_to_upllck
                0x00080618       0x14 C:\Users\User\AppData\Roaming\arduino15\packages\arduino\hardware\sam\1.6.4\variants\arduino_due_x/libsam_sam3x8e_gcc_rel.a(pmc.o)
                0x00080618                pmc_switch_udpck_to_upllck
 .text.pmc_enable_udpck
                0x0008062c        0xc C:\Users\User\AppData\Roaming\arduino15\packages\arduino\hardware\sam\1.6.4\variants\arduino_due_x/libsam_sam3x8e_gcc_rel.a(pmc.o)
                0x0008062c                pmc_enable_udpck
 .text.WDT_Disable
                0x00080638        0x8 C:\Users\User\AppData\Roaming\arduino15\packages\arduino\hardware\sam\1.6.4\variants\arduino_due_x/libsam_sam3x8e_gcc_rel.a(wdt.o)
                0x00080638                WDT_Disable
 .text.SystemInit
                0x00080640       0x9c C:\Users\User\AppData\Roaming\arduino15\packages\arduino\hardware\sam\1.6.4\variants\arduino_due_x/libsam_sam3x8e_gcc_rel.a(system_sam3xa.o)
                0x00080640                SystemInit
 .text.Reset_Handler
                0x000806dc       0x70 C:\Users\User\AppData\Roaming\arduino15\packages\arduino\hardware\sam\1.6.4\variants\arduino_due_x/libsam_sam3x8e_gcc_rel.a(startup_sam3xa.o)
                0x000806dc                Reset_Handler
 .text.adc_init
                0x0008074c       0xa0 C:\Users\User\AppData\Roaming\arduino15\packages\arduino\hardware\sam\1.6.4\variants\arduino_due_x/libsam_sam3x8e_gcc_rel.a(adc.o)
                0x0008074c                adc_init
 .text.adc_configure_trigger
                0x000807ec       0x10 C:\Users\User\AppData\Roaming\arduino15\packages\arduino\hardware\sam\1.6.4\variants\arduino_due_x/libsam_sam3x8e_gcc_rel.a(adc.o)
                0x000807ec                adc_configure_trigger
 .text.adc_configure_timing
                0x000807fc       0x1a C:\Users\User\AppData\Roaming\arduino15\packages\arduino\hardware\sam\1.6.4\variants\arduino_due_x/libsam_sam3x8e_gcc_rel.a(adc.o)
                0x000807fc                adc_configure_timing
 .text.adc_disable_all_channel
                0x00080816        0x8 C:\Users\User\AppData\Roaming\arduino15\packages\arduino\hardware\sam\1.6.4\variants\arduino_due_x/libsam_sam3x8e_gcc_rel.a(adc.o)
                0x00080816                adc_disable_all_channel
 .text.adc_disable_interrupt
                0x0008081e        0x4 C:\Users\User\AppData\Roaming\arduino15\packages\arduino\hardware\sam\1.6.4\variants\arduino_due_x/libsam_sam3x8e_gcc_rel.a(adc.o)
                0x0008081e                adc_disable_interrupt
 *fill*         0x00080822        0x2 
 .text.UOTGHS_Handler
                0x00080824       0x10 C:\Users\User\AppData\Roaming\arduino15\packages\arduino\hardware\sam\1.6.4\variants\arduino_due_x/libsam_sam3x8e_gcc_rel.a(uotghs.o)
                0x00080824                UOTGHS_Handler
 .text.__halt   0x00080834        0x2 C:\Users\User\AppData\Local\Temp\VMBuilds\hAPI_DataTest\arduino_due_x\Release/core.a(cortex_handlers.c.o)
                0x00080834                DACC_Handler
                0x00080834                DebugMon_Handler
                0x00080834                DMAC_Handler
                0x00080834                TRNG_Handler
                0x00080834                HardFault_Handler
                0x00080834                TC2_Handler
                0x00080834                TWI1_Handler
                0x00080834                NMI_Handler
                0x00080834                TC7_Handler
                0x00080834                ADC_Handler
                0x00080834                SMC_Handler
                0x00080834                RTT_Handler
                0x00080834                EFC1_Handler
                0x00080834                PIOB_Handler
                0x00080834                RTC_Handler
                0x00080834                UsageFault_Handler
                0x00080834                TC6_Handler
                0x00080834                WDT_Handler
                0x00080834                CAN0_Handler
                0x00080834                TC4_Handler
                0x00080834                TC1_Handler
                0x00080834                HSMCI_Handler
                0x00080834                TC3_Handler
                0x00080834                TWI0_Handler
                0x00080834                PIOA_Handler
                0x00080834                SSC_Handler
                0x00080834                EFC0_Handler
                0x00080834                PMC_Handler
                0x00080834                PWM_Handler
                0x00080834                CAN1_Handler
                0x00080834                MemManage_Handler
                0x00080834                SUPC_Handler
                0x00080834                TC8_Handler
                0x00080834                USART2_Handler
                0x00080834                PIOD_Handler
                0x00080834                EMAC_Handler
                0x00080834                PIOC_Handler
                0x00080834                BusFault_Handler
                0x00080834                RSTC_Handler
                0x00080834                TC0_Handler
                0x00080834                TC5_Handler
                0x00080834                SPI0_Handler
 .text.SVC_Handler
                0x00080836        0x4 C:\Users\User\AppData\Local\Temp\VMBuilds\hAPI_DataTest\arduino_due_x\Release/core.a(cortex_handlers.c.o)
                0x00080836                SVC_Handler
 .text.PendSV_Handler
                0x0008083a        0x4 C:\Users\User\AppData\Local\Temp\VMBuilds\hAPI_DataTest\arduino_due_x\Release/core.a(cortex_handlers.c.o)
                0x0008083a                PendSV_Handler
 .text.SysTick_Handler
                0x0008083e       0x16 C:\Users\User\AppData\Local\Temp\VMBuilds\hAPI_DataTest\arduino_due_x\Release/core.a(cortex_handlers.c.o)
                0x0008083e                SysTick_Handler
 .text.__empty  0x00080854        0x2 C:\Users\User\AppData\Local\Temp\VMBuilds\hAPI_DataTest\arduino_due_x\Release/core.a(hooks.c.o)
                0x00080854                yield
 .text.__false  0x00080856        0x4 C:\Users\User\AppData\Local\Temp\VMBuilds\hAPI_DataTest\arduino_due_x\Release/core.a(hooks.c.o)
                0x00080856                sysTickHook
 .text.__halt   0x0008085a        0x2 C:\Users\User\AppData\Local\Temp\VMBuilds\hAPI_DataTest\arduino_due_x\Release/core.a(hooks.c.o)
                0x0008085a                svcHook
                0x0008085a                pendSVHook
 .text.analogOutputInit
                0x0008085c       0x14 C:\Users\User\AppData\Local\Temp\VMBuilds\hAPI_DataTest\arduino_due_x\Release/core.a(wiring_analog.c.o)
                0x0008085c                analogOutputInit
 .text.digitalWrite
                0x00080870       0x48 C:\Users\User\AppData\Local\Temp\VMBuilds\hAPI_DataTest\arduino_due_x\Release/core.a(wiring_digital.c.o)
                0x00080870                digitalWrite
 .text.initVariant
                0x000808b8        0x2 C:\Users\User\AppData\Local\Temp\VMBuilds\hAPI_DataTest\arduino_due_x\Release/core.a(main.cpp.o)
                0x000808b8                initVariant
 *fill*         0x000808ba        0x2 
 .text.startup.main
                0x000808bc       0x34 C:\Users\User\AppData\Local\Temp\VMBuilds\hAPI_DataTest\arduino_due_x\Release/core.a(main.cpp.o)
                0x000808bc                main
 .text._Znaj    0x000808f0        0x4 C:\Users\User\AppData\Local\Temp\VMBuilds\hAPI_DataTest\arduino_due_x\Release/core.a(new.cpp.o)
                0x000808f0                operator new[](unsigned int)
 .text._ZdaPv   0x000808f4        0x4 C:\Users\User\AppData\Local\Temp\VMBuilds\hAPI_DataTest\arduino_due_x\Release/core.a(new.cpp.o)
                0x000808f4                operator delete[](void*)
 .text._ZN5Print5writeEPKhj
                0x000808f8       0x22 C:\Users\User\AppData\Local\Temp\VMBuilds\hAPI_DataTest\arduino_due_x\Release/core.a(Print.cpp.o)
                0x000808f8                Print::write(unsigned char const*, unsigned int)
 .text._ZN5Print5writeEPKc
                0x0008091a       0x1e C:\Users\User\AppData\Local\Temp\VMBuilds\hAPI_DataTest\arduino_due_x\Release/core.a(Print.cpp.o)
                0x0008091a                Print::write(char const*)
 .text._ZN5Print5printEc
                0x00080938        0xa C:\Users\User\AppData\Local\Temp\VMBuilds\hAPI_DataTest\arduino_due_x\Release/core.a(Print.cpp.o)
                0x00080938                Print::print(char)
 .text._ZN5Print7printlnEv
                0x00080942       0x18 C:\Users\User\AppData\Local\Temp\VMBuilds\hAPI_DataTest\arduino_due_x\Release/core.a(Print.cpp.o)
                0x00080942                Print::println()
 .text._ZN5Print7printlnEPKc
                0x0008095a       0x14 C:\Users\User\AppData\Local\Temp\VMBuilds\hAPI_DataTest\arduino_due_x\Release/core.a(Print.cpp.o)
                0x0008095a                Print::println(char const*)
 .text._ZN5Print11printNumberEmh
                0x0008096e       0x3c C:\Users\User\AppData\Local\Temp\VMBuilds\hAPI_DataTest\arduino_due_x\Release/core.a(Print.cpp.o)
                0x0008096e                Print::printNumber(unsigned long, unsigned char)
 .text._ZN5Print5printEli
                0x000809aa       0x3c C:\Users\User\AppData\Local\Temp\VMBuilds\hAPI_DataTest\arduino_due_x\Release/core.a(Print.cpp.o)
                0x000809aa                Print::print(long, int)
 .text._ZN5Print7printlnEii
                0x000809e6       0x14 C:\Users\User\AppData\Local\Temp\VMBuilds\hAPI_DataTest\arduino_due_x\Release/core.a(Print.cpp.o)
                0x000809e6                Print::println(int, int)
 *fill*         0x000809fa        0x2 
 .text.initiateReset
                0x000809fc        0xc C:\Users\User\AppData\Local\Temp\VMBuilds\hAPI_DataTest\arduino_due_x\Release/core.a(Reset.cpp.o)
                0x000809fc                initiateReset
 .text.cancelReset
                0x00080a08       0x10 C:\Users\User\AppData\Local\Temp\VMBuilds\hAPI_DataTest\arduino_due_x\Release/core.a(Reset.cpp.o)
                0x00080a08                cancelReset
 .text.tickReset
                0x00080a18       0x20 C:\Users\User\AppData\Local\Temp\VMBuilds\hAPI_DataTest\arduino_due_x\Release/core.a(Reset.cpp.o)
                0x00080a18                tickReset
 .text._ZN10RingBufferC2Ev
                0x00080a38       0x1a C:\Users\User\AppData\Local\Temp\VMBuilds\hAPI_DataTest\arduino_due_x\Release/core.a(RingBuffer.cpp.o)
                0x00080a38                RingBuffer::RingBuffer()
                0x00080a38                RingBuffer::RingBuffer()
 .text._ZN10RingBuffer10store_charEh
                0x00080a52       0x1e C:\Users\User\AppData\Local\Temp\VMBuilds\hAPI_DataTest\arduino_due_x\Release/core.a(RingBuffer.cpp.o)
                0x00080a52                RingBuffer::store_char(unsigned char)
 .text._ZN9UARTClasscvbEv
                0x00080a70        0x4 C:\Users\User\AppData\Local\Temp\VMBuilds\hAPI_DataTest\arduino_due_x\Release/core.a(UARTClass.cpp.o)
                0x00080a70                UARTClass::operator bool()
 .text._ZN9UARTClass9availableEv
                0x00080a74       0x12 C:\Users\User\AppData\Local\Temp\VMBuilds\hAPI_DataTest\arduino_due_x\Release/core.a(UARTClass.cpp.o)
                0x00080a74                UARTClass::available()
 .text._ZN9UARTClass4peekEv
                0x00080a86       0x1c C:\Users\User\AppData\Local\Temp\VMBuilds\hAPI_DataTest\arduino_due_x\Release/core.a(UARTClass.cpp.o)
                0x00080a86                UARTClass::peek()
 .text._ZN9UARTClass4readEv
                0x00080aa2       0x2a C:\Users\User\AppData\Local\Temp\VMBuilds\hAPI_DataTest\arduino_due_x\Release/core.a(UARTClass.cpp.o)
                0x00080aa2                UARTClass::read()
 .text._ZN9UARTClass5flushEv
                0x00080acc       0x18 C:\Users\User\AppData\Local\Temp\VMBuilds\hAPI_DataTest\arduino_due_x\Release/core.a(UARTClass.cpp.o)
                0x00080acc                UARTClass::flush()
 .text._ZN9UARTClass5writeEh
                0x00080ae4       0x54 C:\Users\User\AppData\Local\Temp\VMBuilds\hAPI_DataTest\arduino_due_x\Release/core.a(UARTClass.cpp.o)
                0x00080ae4                UARTClass::write(unsigned char)
 .text._ZN9UARTClass3endEv
                0x00080b38       0x3c C:\Users\User\AppData\Local\Temp\VMBuilds\hAPI_DataTest\arduino_due_x\Release/core.a(UARTClass.cpp.o)
                0x00080b38                UARTClass::end()
 .text._ZN9UARTClassC2EP4Uart4IRQnmP10RingBufferS4_
                0x00080b74       0x24 C:\Users\User\AppData\Local\Temp\VMBuilds\hAPI_DataTest\arduino_due_x\Release/core.a(UARTClass.cpp.o)
                0x00080b74                UARTClass::UARTClass(Uart*, IRQn, unsigned long, RingBuffer*, RingBuffer*)
                0x00080b74                UARTClass::UARTClass(Uart*, IRQn, unsigned long, RingBuffer*, RingBuffer*)
 .text._ZN9UARTClass4initEmm
                0x00080b98       0x70 C:\Users\User\AppData\Local\Temp\VMBuilds\hAPI_DataTest\arduino_due_x\Release/core.a(UARTClass.cpp.o)
                0x00080b98                UARTClass::init(unsigned long, unsigned long)
 .text._ZN9UARTClass5beginEm
                0x00080c08        0x8 C:\Users\User\AppData\Local\Temp\VMBuilds\hAPI_DataTest\arduino_due_x\Release/core.a(UARTClass.cpp.o)
                0x00080c08                UARTClass::begin(unsigned long)
 .text._ZN9UARTClass10IrqHandlerEv
                0x00080c10       0x5a C:\Users\User\AppData\Local\Temp\VMBuilds\hAPI_DataTest\arduino_due_x\Release/core.a(UARTClass.cpp.o)
                0x00080c10                UARTClass::IrqHandler()
 .text._ZN10USARTClass5beginEm
                0x00080c6a        0x8 C:\Users\User\AppData\Local\Temp\VMBuilds\hAPI_DataTest\arduino_due_x\Release/core.a(USARTClass.cpp.o)
                0x00080c6a                USARTClass::begin(unsigned long)
 *fill*         0x00080c72        0x2 
 .text._ZN10USARTClassC2EP5Usart4IRQnmP10RingBufferS4_
                0x00080c74       0x24 C:\Users\User\AppData\Local\Temp\VMBuilds\hAPI_DataTest\arduino_due_x\Release/core.a(USARTClass.cpp.o)
                0x00080c74                USARTClass::USARTClass(Usart*, IRQn, unsigned long, RingBuffer*, RingBuffer*)
                0x00080c74                USARTClass::USARTClass(Usart*, IRQn, unsigned long, RingBuffer*, RingBuffer*)
 .text._ZN7Serial_9availableEv
                0x00080c98       0x18 C:\Users\User\AppData\Local\Temp\VMBuilds\hAPI_DataTest\arduino_due_x\Release/core.a(CDC.cpp.o)
                0x00080c98                Serial_::available()
 .text._ZN7Serial_4peekEv
                0x00080cb0       0x20 C:\Users\User\AppData\Local\Temp\VMBuilds\hAPI_DataTest\arduino_due_x\Release/core.a(CDC.cpp.o)
                0x00080cb0                Serial_::peek()
 .text._ZN7Serial_5writeEh
                0x00080cd0       0x16 C:\Users\User\AppData\Local\Temp\VMBuilds\hAPI_DataTest\arduino_due_x\Release/core.a(CDC.cpp.o)
                0x00080cd0                Serial_::write(unsigned char)
 *fill*         0x00080ce6        0x2 
 .text._ZN7Serial_4readEv
                0x00080ce8       0x44 C:\Users\User\AppData\Local\Temp\VMBuilds\hAPI_DataTest\arduino_due_x\Release/core.a(CDC.cpp.o)
                0x00080ce8                Serial_::read()
 .text._ZN7Serial_5flushEv
                0x00080d2c        0x6 C:\Users\User\AppData\Local\Temp\VMBuilds\hAPI_DataTest\arduino_due_x\Release/core.a(CDC.cpp.o)
                0x00080d2c                Serial_::flush()
 *fill*         0x00080d32        0x2 
 .text._ZN7Serial_6acceptEv
                0x00080d34       0x70 C:\Users\User\AppData\Local\Temp\VMBuilds\hAPI_DataTest\arduino_due_x\Release/core.a(CDC.cpp.o)
                0x00080d34                Serial_::accept()
 .text._ZN7Serial_5writeEPKhj
                0x00080da4       0x2c C:\Users\User\AppData\Local\Temp\VMBuilds\hAPI_DataTest\arduino_due_x\Release/core.a(CDC.cpp.o)
                0x00080da4                Serial_::write(unsigned char const*, unsigned int)
 .text._Z16CDC_GetInterfacePh
                0x00080dd0       0x14 C:\Users\User\AppData\Local\Temp\VMBuilds\hAPI_DataTest\arduino_due_x\Release/core.a(CDC.cpp.o)
                0x00080dd0                CDC_GetInterface(unsigned char*)
 .text._Z21CDC_GetOtherInterfacePh
                0x00080de4       0x14 C:\Users\User\AppData\Local\Temp\VMBuilds\hAPI_DataTest\arduino_due_x\Release/core.a(CDC.cpp.o)
                0x00080de4                CDC_GetOtherInterface(unsigned char*)
 .text._Z9CDC_SetupR5Setup
                0x00080df8       0x64 C:\Users\User\AppData\Local\Temp\VMBuilds\hAPI_DataTest\arduino_due_x\Release/core.a(CDC.cpp.o)
                0x00080df8                CDC_Setup(Setup&)
 .text._ZN7Serial_5beginEm
                0x00080e5c        0x2 C:\Users\User\AppData\Local\Temp\VMBuilds\hAPI_DataTest\arduino_due_x\Release/core.a(CDC.cpp.o)
                0x00080e5c                Serial_::begin(unsigned long)
 *fill*         0x00080e5e        0x2 
 .text.startup._GLOBAL__sub_I_cdc_rx_buffer
                0x00080e60       0x1c C:\Users\User\AppData\Local\Temp\VMBuilds\hAPI_DataTest\arduino_due_x\Release/core.a(CDC.cpp.o)
 .text.unlikely._ZL11USB_SendZlpv
                0x00080e7c       0x20 C:\Users\User\AppData\Local\Temp\VMBuilds\hAPI_DataTest\arduino_due_x\Release/core.a(USBCore.cpp.o)
 .text._Z14USBD_Availablem
                0x00080e9c       0x2c C:\Users\User\AppData\Local\Temp\VMBuilds\hAPI_DataTest\arduino_due_x\Release/core.a(USBCore.cpp.o)
                0x00080e9c                USBD_Available(unsigned long)
 .text._Z9USBD_RecvmPvm
                0x00080ec8       0x7c C:\Users\User\AppData\Local\Temp\VMBuilds\hAPI_DataTest\arduino_due_x\Release/core.a(USBCore.cpp.o)
                0x00080ec8                USBD_Recv(unsigned long, void*, unsigned long)
 .text._Z9USBD_Recvm
                0x00080f44       0x22 C:\Users\User\AppData\Local\Temp\VMBuilds\hAPI_DataTest\arduino_due_x\Release/core.a(USBCore.cpp.o)
                0x00080f44                USBD_Recv(unsigned long)
 *fill*         0x00080f66        0x2 
 .text._Z9USBD_SendmPKvm
                0x00080f68       0x4c C:\Users\User\AppData\Local\Temp\VMBuilds\hAPI_DataTest\arduino_due_x\Release/core.a(USBCore.cpp.o)
                0x00080f68                USBD_Send(unsigned long, void const*, unsigned long)
 .text._Z16USBD_SendControlhPKvm
                0x00080fb4       0x40 C:\Users\User\AppData\Local\Temp\VMBuilds\hAPI_DataTest\arduino_due_x\Release/core.a(USBCore.cpp.o)
                0x00080fb4                USBD_SendControl(unsigned char, void const*, unsigned long)
 .text.unlikely._ZL24USB_SendStringDescriptorPKhi
                0x00080ff4       0x38 C:\Users\User\AppData\Local\Temp\VMBuilds\hAPI_DataTest\arduino_due_x\Release/core.a(USBCore.cpp.o)
 .text._Z16USBD_RecvControlPvm
                0x0008102c       0x1c C:\Users\User\AppData\Local\Temp\VMBuilds\hAPI_DataTest\arduino_due_x\Release/core.a(USBCore.cpp.o)
                0x0008102c                USBD_RecvControl(void*, unsigned long)
 .text._Z26USBD_ClassInterfaceRequestR5Setup
                0x00081048       0x14 C:\Users\User\AppData\Local\Temp\VMBuilds\hAPI_DataTest\arduino_due_x\Release/core.a(USBCore.cpp.o)
                0x00081048                USBD_ClassInterfaceRequest(Setup&)
 .text._Z19USBD_SendInterfacesv
                0x0008105c       0x1e C:\Users\User\AppData\Local\Temp\VMBuilds\hAPI_DataTest\arduino_due_x\Release/core.a(USBCore.cpp.o)
                0x0008105c                USBD_SendInterfaces()
 .text._Z24USBD_SendOtherInterfacesv
                0x0008107a       0x1e C:\Users\User\AppData\Local\Temp\VMBuilds\hAPI_DataTest\arduino_due_x\Release/core.a(USBCore.cpp.o)
                0x0008107a                USBD_SendOtherInterfaces()
 .text._Z10USBD_Flushm
                0x00081098       0x16 C:\Users\User\AppData\Local\Temp\VMBuilds\hAPI_DataTest\arduino_due_x\Release/core.a(USBCore.cpp.o)
                0x00081098                USBD_Flush(unsigned long)
 *fill*         0x000810ae        0x2 
 .text._ZN10USBDevice_C2Ev
                0x000810b0       0x24 C:\Users\User\AppData\Local\Temp\VMBuilds\hAPI_DataTest\arduino_due_x\Release/core.a(USBCore.cpp.o)
                0x000810b0                USBDevice_::USBDevice_()
                0x000810b0                USBDevice_::USBDevice_()
 .text._ZN10USBDevice_6attachEv
                0x000810d4       0x20 C:\Users\User\AppData\Local\Temp\VMBuilds\hAPI_DataTest\arduino_due_x\Release/core.a(USBCore.cpp.o)
                0x000810d4                USBDevice_::attach()
 .text.startup._GLOBAL__sub_I_TxLEDPulse
                0x000810f4        0xc C:\Users\User\AppData\Local\Temp\VMBuilds\hAPI_DataTest\arduino_due_x\Release/core.a(USBCore.cpp.o)
 .text._ZL7USB_ISRv
                0x00081100      0x424 C:\Users\User\AppData\Local\Temp\VMBuilds\hAPI_DataTest\arduino_due_x\Release/core.a(USBCore.cpp.o)
 .text.delay    0x00081524       0x1c C:\Users\User\AppData\Local\Temp\VMBuilds\hAPI_DataTest\arduino_due_x\Release/core.a(wiring.c.o)
                0x00081524                delay
 .text._ZN9Keyboard_5writeEh
                0x00081540       0x1c C:\Users\User\AppData\Local\Temp\VMBuilds\hAPI_DataTest\arduino_due_x\Release/core.a(HID.cpp.o)
                0x00081540                Keyboard_::write(unsigned char)
 .text._Z16HID_GetInterfacePh
                0x0008155c       0x14 C:\Users\User\AppData\Local\Temp\VMBuilds\hAPI_DataTest\arduino_due_x\Release/core.a(HID.cpp.o)
                0x0008155c                HID_GetInterface(unsigned char*)
 .text._Z17HID_GetDescriptori
                0x00081570       0x10 C:\Users\User\AppData\Local\Temp\VMBuilds\hAPI_DataTest\arduino_due_x\Release/core.a(HID.cpp.o)
                0x00081570                HID_GetDescriptor(int)
 .text._Z14HID_SendReporthPKvm
                0x00081580       0x2e C:\Users\User\AppData\Local\Temp\VMBuilds\hAPI_DataTest\arduino_due_x\Release/core.a(HID.cpp.o)
                0x00081580                HID_SendReport(unsigned char, void const*, unsigned long)
 *fill*         0x000815ae        0x2 
 .text._Z9HID_SetupR5Setup
                0x000815b0       0x40 C:\Users\User\AppData\Local\Temp\VMBuilds\hAPI_DataTest\arduino_due_x\Release/core.a(HID.cpp.o)
                0x000815b0                HID_Setup(Setup&)
 .text._ZN9Keyboard_10sendReportEP9KeyReport
                0x000815f0        0xc C:\Users\User\AppData\Local\Temp\VMBuilds\hAPI_DataTest\arduino_due_x\Release/core.a(HID.cpp.o)
                0x000815f0                Keyboard_::sendReport(KeyReport*)
 .text._ZN9Keyboard_5pressEh
                0x000815fc       0x88 C:\Users\User\AppData\Local\Temp\VMBuilds\hAPI_DataTest\arduino_due_x\Release/core.a(HID.cpp.o)
                0x000815fc                Keyboard_::press(unsigned char)
 .text._ZN9Keyboard_7releaseEh
                0x00081684       0x64 C:\Users\User\AppData\Local\Temp\VMBuilds\hAPI_DataTest\arduino_due_x\Release/core.a(HID.cpp.o)
                0x00081684                Keyboard_::release(unsigned char)
 .text._ZN9Keyboard_10releaseAllEv
                0x000816e8       0x18 C:\Users\User\AppData\Local\Temp\VMBuilds\hAPI_DataTest\arduino_due_x\Release/core.a(HID.cpp.o)
                0x000816e8                Keyboard_::releaseAll()
 .text.startup._GLOBAL__sub_I_Mouse
                0x00081700       0x1c C:\Users\User\AppData\Local\Temp\VMBuilds\hAPI_DataTest\arduino_due_x\Release/core.a(HID.cpp.o)
 .text.TimeTick_Increment
                0x0008171c       0x10 C:\Users\User\AppData\Roaming\arduino15\packages\arduino\hardware\sam\1.6.4\variants\arduino_due_x/libsam_sam3x8e_gcc_rel.a(timetick.o)
                0x0008171c                TimeTick_Increment
 .text.GetTickCount
                0x0008172c        0xc C:\Users\User\AppData\Roaming\arduino15\packages\arduino\hardware\sam\1.6.4\variants\arduino_due_x/libsam_sam3x8e_gcc_rel.a(timetick.o)
                0x0008172c                GetTickCount
 .text.UDD_SetStack
                0x00081738        0xc C:\Users\User\AppData\Roaming\arduino15\packages\arduino\hardware\sam\1.6.4\variants\arduino_due_x/libsam_sam3x8e_gcc_rel.a(uotghs_device.o)
                0x00081738                UDD_SetStack
 .text.UDD_Init
                0x00081744       0xd0 C:\Users\User\AppData\Roaming\arduino15\packages\arduino\hardware\sam\1.6.4\variants\arduino_due_x/libsam_sam3x8e_gcc_rel.a(uotghs_device.o)
                0x00081744                UDD_Init
 .text.UDD_Attach
                0x00081814       0x4c C:\Users\User\AppData\Roaming\arduino15\packages\arduino\hardware\sam\1.6.4\variants\arduino_due_x/libsam_sam3x8e_gcc_rel.a(uotghs_device.o)
                0x00081814                UDD_Attach
 .text.UDD_InitEP
                0x00081860       0x30 C:\Users\User\AppData\Roaming\arduino15\packages\arduino\hardware\sam\1.6.4\variants\arduino_due_x/libsam_sam3x8e_gcc_rel.a(uotghs_device.o)
                0x00081860                UDD_InitEP
 .text.UDD_InitEndpoints
                0x00081890       0x3c C:\Users\User\AppData\Roaming\arduino15\packages\arduino\hardware\sam\1.6.4\variants\arduino_due_x/libsam_sam3x8e_gcc_rel.a(uotghs_device.o)
                0x00081890                UDD_InitEndpoints
 .text.UDD_WaitIN
                0x000818cc       0x14 C:\Users\User\AppData\Roaming\arduino15\packages\arduino\hardware\sam\1.6.4\variants\arduino_due_x/libsam_sam3x8e_gcc_rel.a(uotghs_device.o)
                0x000818cc                UDD_WaitIN
 .text.UDD_WaitOUT
                0x000818e0       0x14 C:\Users\User\AppData\Roaming\arduino15\packages\arduino\hardware\sam\1.6.4\variants\arduino_due_x/libsam_sam3x8e_gcc_rel.a(uotghs_device.o)
                0x000818e0                UDD_WaitOUT
 .text.UDD_ClearIN
                0x000818f4       0x18 C:\Users\User\AppData\Roaming\arduino15\packages\arduino\hardware\sam\1.6.4\variants\arduino_due_x/libsam_sam3x8e_gcc_rel.a(uotghs_device.o)
                0x000818f4                UDD_ClearIN
 .text.UDD_ClearOUT
                0x0008190c       0x18 C:\Users\User\AppData\Roaming\arduino15\packages\arduino\hardware\sam\1.6.4\variants\arduino_due_x/libsam_sam3x8e_gcc_rel.a(uotghs_device.o)
                0x0008190c                UDD_ClearOUT
 .text.UDD_ReceivedSetupInt
                0x00081924       0x10 C:\Users\User\AppData\Roaming\arduino15\packages\arduino\hardware\sam\1.6.4\variants\arduino_due_x/libsam_sam3x8e_gcc_rel.a(uotghs_device.o)
                0x00081924                UDD_ReceivedSetupInt
 .text.UDD_ClearSetupInt
                0x00081934       0x10 C:\Users\User\AppData\Roaming\arduino15\packages\arduino\hardware\sam\1.6.4\variants\arduino_due_x/libsam_sam3x8e_gcc_rel.a(uotghs_device.o)
                0x00081934                UDD_ClearSetupInt
 .text.UDD_Send
                0x00081944       0x90 C:\Users\User\AppData\Roaming\arduino15\packages\arduino\hardware\sam\1.6.4\variants\arduino_due_x/libsam_sam3x8e_gcc_rel.a(uotghs_device.o)
                0x00081944                UDD_Send
 .text.UDD_Send8
                0x000819d4       0x28 C:\Users\User\AppData\Roaming\arduino15\packages\arduino\hardware\sam\1.6.4\variants\arduino_due_x/libsam_sam3x8e_gcc_rel.a(uotghs_device.o)
                0x000819d4                UDD_Send8
 .text.UDD_Recv8
                0x000819fc       0x28 C:\Users\User\AppData\Roaming\arduino15\packages\arduino\hardware\sam\1.6.4\variants\arduino_due_x/libsam_sam3x8e_gcc_rel.a(uotghs_device.o)
                0x000819fc                UDD_Recv8
 .text.UDD_Recv
                0x00081a24       0x34 C:\Users\User\AppData\Roaming\arduino15\packages\arduino\hardware\sam\1.6.4\variants\arduino_due_x/libsam_sam3x8e_gcc_rel.a(uotghs_device.o)
                0x00081a24                UDD_Recv
 .text.UDD_Stall
                0x00081a58       0x14 C:\Users\User\AppData\Roaming\arduino15\packages\arduino\hardware\sam\1.6.4\variants\arduino_due_x/libsam_sam3x8e_gcc_rel.a(uotghs_device.o)
                0x00081a58                UDD_Stall
 .text.UDD_FifoByteCount
                0x00081a6c       0x1c C:\Users\User\AppData\Roaming\arduino15\packages\arduino\hardware\sam\1.6.4\variants\arduino_due_x/libsam_sam3x8e_gcc_rel.a(uotghs_device.o)
                0x00081a6c                UDD_FifoByteCount
 .text.UDD_ReleaseRX
                0x00081a88       0x2c C:\Users\User\AppData\Roaming\arduino15\packages\arduino\hardware\sam\1.6.4\variants\arduino_due_x/libsam_sam3x8e_gcc_rel.a(uotghs_device.o)
                0x00081a88                UDD_ReleaseRX
 .text.UDD_ReleaseTX
                0x00081ab4       0x2c C:\Users\User\AppData\Roaming\arduino15\packages\arduino\hardware\sam\1.6.4\variants\arduino_due_x/libsam_sam3x8e_gcc_rel.a(uotghs_device.o)
                0x00081ab4                UDD_ReleaseTX
 .text.UDD_SetAddress
                0x00081ae0       0x20 C:\Users\User\AppData\Roaming\arduino15\packages\arduino\hardware\sam\1.6.4\variants\arduino_due_x/libsam_sam3x8e_gcc_rel.a(uotghs_device.o)
                0x00081ae0                UDD_SetAddress
 .text.__libc_init_array
                0x00081b00       0x50 c:/users/user/appdata/roaming/arduino15/packages/arduino/tools/arm-none-eabi-gcc/4.8.3-2014q1/bin/../lib/gcc/arm-none-eabi/4.8.3/../../../../arm-none-eabi/lib/armv7-m\libg.a(lib_a-init.o)
                0x00081b00                __libc_init_array
 .text.malloc   0x00081b50       0x10 c:/users/user/appdata/roaming/arduino15/packages/arduino/tools/arm-none-eabi-gcc/4.8.3-2014q1/bin/../lib/gcc/arm-none-eabi/4.8.3/../../../../arm-none-eabi/lib/armv7-m\libg.a(lib_a-malloc.o)
                0x00081b50                malloc
 .text.free     0x00081b60       0x10 c:/users/user/appdata/roaming/arduino15/packages/arduino/tools/arm-none-eabi-gcc/4.8.3-2014q1/bin/../lib/gcc/arm-none-eabi/4.8.3/../../../../arm-none-eabi/lib/armv7-m\libg.a(lib_a-malloc.o)
                0x00081b60                free
 .text._malloc_r
                0x00081b70      0x538 c:/users/user/appdata/roaming/arduino15/packages/arduino/tools/arm-none-eabi-gcc/4.8.3-2014q1/bin/../lib/gcc/arm-none-eabi/4.8.3/../../../../arm-none-eabi/lib/armv7-m\libg.a(lib_a-mallocr.o)
                0x00081b70                _malloc_r
 .text.memset   0x000820a8       0x94 c:/users/user/appdata/roaming/arduino15/packages/arduino/tools/arm-none-eabi-gcc/4.8.3-2014q1/bin/../lib/gcc/arm-none-eabi/4.8.3/../../../../arm-none-eabi/lib/armv7-m\libg.a(lib_a-memset.o)
                0x000820a8                memset
 .text.__malloc_lock
                0x0008213c        0x4 c:/users/user/appdata/roaming/arduino15/packages/arduino/tools/arm-none-eabi-gcc/4.8.3-2014q1/bin/../lib/gcc/arm-none-eabi/4.8.3/../../../../arm-none-eabi/lib/armv7-m\libg.a(lib_a-mlock.o)
                0x0008213c                __malloc_lock
 .text.__malloc_unlock
                0x00082140        0x4 c:/users/user/appdata/roaming/arduino15/packages/arduino/tools/arm-none-eabi-gcc/4.8.3-2014q1/bin/../lib/gcc/arm-none-eabi/4.8.3/../../../../arm-none-eabi/lib/armv7-m\libg.a(lib_a-mlock.o)
                0x00082140                __malloc_unlock
 .text._sbrk_r  0x00082144       0x24 c:/users/user/appdata/roaming/arduino15/packages/arduino/tools/arm-none-eabi-gcc/4.8.3-2014q1/bin/../lib/gcc/arm-none-eabi/4.8.3/../../../../arm-none-eabi/lib/armv7-m\libg.a(lib_a-sbrkr.o)
                0x00082144                _sbrk_r
 .text.strlen   0x00082168       0x60 c:/users/user/appdata/roaming/arduino15/packages/arduino/tools/arm-none-eabi-gcc/4.8.3-2014q1/bin/../lib/gcc/arm-none-eabi/4.8.3/../../../../arm-none-eabi/lib/armv7-m\libg.a(lib_a-strlen.o)
                0x00082168                strlen
 .text.startup.register_fini
                0x000821c8       0x14 c:/users/user/appdata/roaming/arduino15/packages/arduino/tools/arm-none-eabi-gcc/4.8.3-2014q1/bin/../lib/gcc/arm-none-eabi/4.8.3/../../../../arm-none-eabi/lib/armv7-m\libg.a(lib_a-__call_atexit.o)
 .text.atexit   0x000821dc        0xc c:/users/user/appdata/roaming/arduino15/packages/arduino/tools/arm-none-eabi-gcc/4.8.3-2014q1/bin/../lib/gcc/arm-none-eabi/4.8.3/../../../../arm-none-eabi/lib/armv7-m\libg.a(lib_a-atexit.o)
                0x000821dc                atexit
 .text.__libc_fini_array
                0x000821e8       0x30 c:/users/user/appdata/roaming/arduino15/packages/arduino/tools/arm-none-eabi-gcc/4.8.3-2014q1/bin/../lib/gcc/arm-none-eabi/4.8.3/../../../../arm-none-eabi/lib/armv7-m\libg.a(lib_a-fini.o)
                0x000821e8                __libc_fini_array
 .text._malloc_trim_r
                0x00082218       0x9c c:/users/user/appdata/roaming/arduino15/packages/arduino/tools/arm-none-eabi-gcc/4.8.3-2014q1/bin/../lib/gcc/arm-none-eabi/4.8.3/../../../../arm-none-eabi/lib/armv7-m\libg.a(lib_a-freer.o)
                0x00082218                _malloc_trim_r
 .text._free_r  0x000822b4      0x198 c:/users/user/appdata/roaming/arduino15/packages/arduino/tools/arm-none-eabi-gcc/4.8.3-2014q1/bin/../lib/gcc/arm-none-eabi/4.8.3/../../../../arm-none-eabi/lib/armv7-m\libg.a(lib_a-freer.o)
                0x000822b4                _free_r
 .text.__register_exitproc
                0x0008244c       0xa8 c:/users/user/appdata/roaming/arduino15/packages/arduino/tools/arm-none-eabi-gcc/4.8.3-2014q1/bin/../lib/gcc/arm-none-eabi/4.8.3/../../../../arm-none-eabi/lib/armv7-m\libg.a(lib_a-__atexit.o)
                0x0008244c                __register_exitproc
 *(.glue_7t)
 .glue_7t       0x00000000        0x0 linker stubs
 *(.glue_7)
 .glue_7        0x00000000        0x0 linker stubs
 *(.rodata .rodata* .gnu.linkonce.r.*)
 .rodata.str1.1
                0x000824f4        0x6 C:\Users\User\AppData\Local\Temp\VMBuilds\hAPI_DataTest\arduino_due_x\Release\hAPI_DataTest.cpp.o
 *fill*         0x000824fa        0x2 
 .rodata.g_APinDescription
                0x000824fc      0xa2c C:\Users\User\AppData\Local\Temp\VMBuilds\hAPI_DataTest\arduino_due_x\Release\variant\variant.cpp.o
                0x000824fc                g_APinDescription
 .rodata.C.0.8146
                0x00082f28       0x40 C:\Users\User\AppData\Roaming\arduino15\packages\arduino\hardware\sam\1.6.4\variants\arduino_due_x/libsam_sam3x8e_gcc_rel.a(adc.o)
 .rodata._ZTV9UARTClass
                0x00082f68       0x30 C:\Users\User\AppData\Local\Temp\VMBuilds\hAPI_DataTest\arduino_due_x\Release/core.a(UARTClass.cpp.o)
                0x00082f68                vtable for UARTClass
 .rodata._ZTV10USARTClass
                0x00082f98       0x30 C:\Users\User\AppData\Local\Temp\VMBuilds\hAPI_DataTest\arduino_due_x\Release/core.a(USARTClass.cpp.o)
                0x00082f98                vtable for USARTClass
 .rodata._ZTV7Serial_
                0x00082fc8       0x28 C:\Users\User\AppData\Local\Temp\VMBuilds\hAPI_DataTest\arduino_due_x\Release/core.a(CDC.cpp.o)
                0x00082fc8                vtable for Serial_
 .rodata._ZL18_cdcOtherInterface
                0x00082ff0       0x42 C:\Users\User\AppData\Local\Temp\VMBuilds\hAPI_DataTest\arduino_due_x\Release/core.a(CDC.cpp.o)
 .rodata._ZL13_cdcInterface
                0x00083032       0x42 C:\Users\User\AppData\Local\Temp\VMBuilds\hAPI_DataTest\arduino_due_x\Release/core.a(CDC.cpp.o)
 .rodata.STRING_PRODUCT
                0x00083074        0xc C:\Users\User\AppData\Local\Temp\VMBuilds\hAPI_DataTest\arduino_due_x\Release/core.a(USBCore.cpp.o)
                0x00083074                STRING_PRODUCT
 .rodata.USB_DeviceDescriptor
                0x00083080       0x12 C:\Users\User\AppData\Local\Temp\VMBuilds\hAPI_DataTest\arduino_due_x\Release/core.a(USBCore.cpp.o)
                0x00083080                USB_DeviceDescriptor
 *fill*         0x00083092        0x2 
 .rodata._ZL9EndPoints
                0x00083094       0x14 C:\Users\User\AppData\Local\Temp\VMBuilds\hAPI_DataTest\arduino_due_x\Release/core.a(USBCore.cpp.o)
 .rodata.STRING_LANGUAGE
                0x000830a8        0x4 C:\Users\User\AppData\Local\Temp\VMBuilds\hAPI_DataTest\arduino_due_x\Release/core.a(USBCore.cpp.o)
                0x000830a8                STRING_LANGUAGE
 .rodata._ZL18test_packet_buffer
                0x000830ac       0x35 C:\Users\User\AppData\Local\Temp\VMBuilds\hAPI_DataTest\arduino_due_x\Release/core.a(USBCore.cpp.o)
 .rodata.STRING_MANUFACTURER
                0x000830e1        0xc C:\Users\User\AppData\Local\Temp\VMBuilds\hAPI_DataTest\arduino_due_x\Release/core.a(USBCore.cpp.o)
                0x000830e1                STRING_MANUFACTURER
 .rodata.USB_DeviceDescriptorA
                0x000830ed       0x12 C:\Users\User\AppData\Local\Temp\VMBuilds\hAPI_DataTest\arduino_due_x\Release/core.a(USBCore.cpp.o)
                0x000830ed                USB_DeviceDescriptorA
 .rodata._ZL19USB_DeviceQualifier
                0x000830ff       0x12 C:\Users\User\AppData\Local\Temp\VMBuilds\hAPI_DataTest\arduino_due_x\Release/core.a(USBCore.cpp.o)
 *fill*         0x00083111        0x7 
 .rodata._ZTV9Keyboard_
                0x00083118       0x20 C:\Users\User\AppData\Local\Temp\VMBuilds\hAPI_DataTest\arduino_due_x\Release/core.a(HID.cpp.o)
                0x00083118                vtable for Keyboard_
 .rodata._asciimap
                0x00083138       0x80 C:\Users\User\AppData\Local\Temp\VMBuilds\hAPI_DataTest\arduino_due_x\Release/core.a(HID.cpp.o)
                0x00083138                _asciimap
 .rodata._hidInterface
                0x000831b8       0x19 C:\Users\User\AppData\Local\Temp\VMBuilds\hAPI_DataTest\arduino_due_x\Release/core.a(HID.cpp.o)
                0x000831b8                _hidInterface
 .rodata._hidReportDescriptor
                0x000831d1       0x65 C:\Users\User\AppData\Local\Temp\VMBuilds\hAPI_DataTest\arduino_due_x\Release/core.a(HID.cpp.o)
                0x000831d1                _hidReportDescriptor
 *fill*         0x00083236        0x2 
 .rodata.str1.4
                0x00083238        0x4 c:/users/user/appdata/roaming/arduino15/packages/arduino/tools/arm-none-eabi-gcc/4.8.3-2014q1/bin/../lib/gcc/arm-none-eabi/4.8.3/../../../../arm-none-eabi/lib/armv7-m\libg.a(lib_a-impure.o)
 .rodata._global_impure_ptr
                0x0008323c        0x4 c:/users/user/appdata/roaming/arduino15/packages/arduino/tools/arm-none-eabi-gcc/4.8.3-2014q1/bin/../lib/gcc/arm-none-eabi/4.8.3/../../../../arm-none-eabi/lib/armv7-m\libg.a(lib_a-impure.o)
                0x0008323c                _global_impure_ptr
 *(.ARM.extab* .gnu.linkonce.armextab.*)
                0x00083240                . = ALIGN (0x4)
 *(.init)
 .init          0x00083240        0x4 c:/users/user/appdata/roaming/arduino15/packages/arduino/tools/arm-none-eabi-gcc/4.8.3-2014q1/bin/../lib/gcc/arm-none-eabi/4.8.3/armv7-m/crti.o
                0x00083240                _init
 .init          0x00083244        0x8 c:/users/user/appdata/roaming/arduino15/packages/arduino/tools/arm-none-eabi-gcc/4.8.3-2014q1/bin/../lib/gcc/arm-none-eabi/4.8.3/armv7-m/crtn.o
                0x0008324c                . = ALIGN (0x4)
                0x0008324c                __preinit_array_start = .
 *(.preinit_array)
                0x0008324c                __preinit_array_end = .
                0x0008324c                . = ALIGN (0x4)
                0x0008324c                __init_array_start = .
 *(SORT(.init_array.*))
 .init_array.00000
                0x0008324c        0x4 c:/users/user/appdata/roaming/arduino15/packages/arduino/tools/arm-none-eabi-gcc/4.8.3-2014q1/bin/../lib/gcc/arm-none-eabi/4.8.3/../../../../arm-none-eabi/lib/armv7-m\libg.a(lib_a-__call_atexit.o)
 *(.init_array)
 .init_array    0x00083250        0x4 c:/users/user/appdata/roaming/arduino15/packages/arduino/tools/arm-none-eabi-gcc/4.8.3-2014q1/bin/../lib/gcc/arm-none-eabi/4.8.3/armv7-m/crtbegin.o
 .init_array    0x00083254        0x4 C:\Users\User\AppData\Local\Temp\VMBuilds\hAPI_DataTest\arduino_due_x\Release\variant\variant.cpp.o
 .init_array    0x00083258        0x4 C:\Users\User\AppData\Local\Temp\VMBuilds\hAPI_DataTest\arduino_due_x\Release/core.a(CDC.cpp.o)
 .init_array    0x0008325c        0x4 C:\Users\User\AppData\Local\Temp\VMBuilds\hAPI_DataTest\arduino_due_x\Release/core.a(USBCore.cpp.o)
 .init_array    0x00083260        0x4 C:\Users\User\AppData\Local\Temp\VMBuilds\hAPI_DataTest\arduino_due_x\Release/core.a(HID.cpp.o)
                0x00083264                __init_array_end = .
                0x00083264                . = ALIGN (0x4)
 *crtbegin.o(.ctors)
 *(EXCLUDE_FILE(*crtend.o) .ctors)
 *(SORT(.ctors.*))
 *crtend.o(.ctors)
                0x00083264                . = ALIGN (0x4)
 *(.fini)
 .fini          0x00083264        0x4 c:/users/user/appdata/roaming/arduino15/packages/arduino/tools/arm-none-eabi-gcc/4.8.3-2014q1/bin/../lib/gcc/arm-none-eabi/4.8.3/armv7-m/crti.o
                0x00083264                _fini
 .fini          0x00083268        0x8 c:/users/user/appdata/roaming/arduino15/packages/arduino/tools/arm-none-eabi-gcc/4.8.3-2014q1/bin/../lib/gcc/arm-none-eabi/4.8.3/armv7-m/crtn.o
                0x00083270                . = ALIGN (0x4)
                0x00083270                __fini_array_start = .
 *(.fini_array)
 .fini_array    0x00083270        0x4 c:/users/user/appdata/roaming/arduino15/packages/arduino/tools/arm-none-eabi-gcc/4.8.3-2014q1/bin/../lib/gcc/arm-none-eabi/4.8.3/armv7-m/crtbegin.o
 *(SORT(.fini_array.*))
                0x00083274                __fini_array_end = .
 *crtbegin.o(.dtors)
 *(EXCLUDE_FILE(*crtend.o) .dtors)
 *(SORT(.dtors.*))
 *crtend.o(.dtors)
                0x00083274                . = ALIGN (0x4)
                0x00083274                _efixed = .
                0x00083274                PROVIDE (__exidx_start, .)

.vfp11_veneer   0x00083274        0x0
 .vfp11_veneer  0x00000000        0x0 linker stubs

.v4_bx          0x00083274        0x0
 .v4_bx         0x00000000        0x0 linker stubs

.iplt           0x00083274        0x0
 .iplt          0x00000000        0x0 c:/users/user/appdata/roaming/arduino15/packages/arduino/tools/arm-none-eabi-gcc/4.8.3-2014q1/bin/../lib/gcc/arm-none-eabi/4.8.3/armv7-m/crtbegin.o

.eh_frame       0x00083274        0x0
 .eh_frame      0x00083274        0x0 c:/users/user/appdata/roaming/arduino15/packages/arduino/tools/arm-none-eabi-gcc/4.8.3-2014q1/bin/../lib/gcc/arm-none-eabi/4.8.3/armv7-m/crtbegin.o

.rel.dyn        0x00083274        0x0
 .rel.iplt      0x00000000        0x0 c:/users/user/appdata/roaming/arduino15/packages/arduino/tools/arm-none-eabi-gcc/4.8.3-2014q1/bin/../lib/gcc/arm-none-eabi/4.8.3/armv7-m/crtbegin.o

.jcr            0x00083274        0x0
 .jcr           0x00083274        0x0 c:/users/user/appdata/roaming/arduino15/packages/arduino/tools/arm-none-eabi-gcc/4.8.3-2014q1/bin/../lib/gcc/arm-none-eabi/4.8.3/armv7-m/crtbegin.o

.igot.plt       0x00083274        0x0
 .igot.plt      0x00000000        0x0 c:/users/user/appdata/roaming/arduino15/packages/arduino/tools/arm-none-eabi-gcc/4.8.3-2014q1/bin/../lib/gcc/arm-none-eabi/4.8.3/armv7-m/crtbegin.o

.ARM.exidx
 *(.ARM.exidx* .gnu.linkonce.armexidx.*)
                0x00083274                PROVIDE (__exidx_end, .)
                0x00083274                . = ALIGN (0x4)
                0x00083274                _etext = .

.relocate       0x20070000      0x884 load address 0x00083274
                0x20070000                . = ALIGN (0x4)
                0x20070000                _srelocate = .
 *(.ramfunc .ramfunc.*)
 .ramfunc       0x20070000       0x2c C:\Users\User\AppData\Local\Temp\VMBuilds\hAPI_DataTest\arduino_due_x\Release/core.a(Reset.cpp.o)
                0x20070000                banzai
 *(.data .data.*)
 .data.SystemCoreClock
                0x2007002c        0x4 C:\Users\User\AppData\Roaming\arduino15\packages\arduino\hardware\sam\1.6.4\variants\arduino_due_x/libsam_sam3x8e_gcc_rel.a(system_sam3xa.o)
                0x2007002c                SystemCoreClock
 .data._ZL5ticks
                0x20070030        0x4 C:\Users\User\AppData\Local\Temp\VMBuilds\hAPI_DataTest\arduino_due_x\Release/core.a(Reset.cpp.o)
 .data._ZL12_usbLineInfo
                0x20070034        0x8 C:\Users\User\AppData\Local\Temp\VMBuilds\hAPI_DataTest\arduino_due_x\Release/core.a(CDC.cpp.o)
 .data._hid_protocol
                0x2007003c        0x1 C:\Users\User\AppData\Local\Temp\VMBuilds\hAPI_DataTest\arduino_due_x\Release/core.a(HID.cpp.o)
                0x2007003c                _hid_protocol
 .data._hid_idle
                0x2007003d        0x1 C:\Users\User\AppData\Local\Temp\VMBuilds\hAPI_DataTest\arduino_due_x\Release/core.a(HID.cpp.o)
                0x2007003d                _hid_idle
 *fill*         0x2007003e        0x2 
 .data.g_interrupt_enabled
                0x20070040        0x4 C:\Users\User\AppData\Roaming\arduino15\packages\arduino\hardware\sam\1.6.4\variants\arduino_due_x/libsam_sam3x8e_gcc_rel.a(interrupt_sam_nvic.o)
                0x20070040                g_interrupt_enabled
 *fill*         0x20070044        0x4 
 .data.impure_data
                0x20070048      0x428 c:/users/user/appdata/roaming/arduino15/packages/arduino/tools/arm-none-eabi-gcc/4.8.3-2014q1/bin/../lib/gcc/arm-none-eabi/4.8.3/../../../../arm-none-eabi/lib/armv7-m\libg.a(lib_a-impure.o)
 .data._impure_ptr
                0x20070470        0x4 c:/users/user/appdata/roaming/arduino15/packages/arduino/tools/arm-none-eabi-gcc/4.8.3-2014q1/bin/../lib/gcc/arm-none-eabi/4.8.3/../../../../arm-none-eabi/lib/armv7-m\libg.a(lib_a-impure.o)
                0x20070470                _impure_ptr
 .data.__malloc_av_
                0x20070474      0x408 c:/users/user/appdata/roaming/arduino15/packages/arduino/tools/arm-none-eabi-gcc/4.8.3-2014q1/bin/../lib/gcc/arm-none-eabi/4.8.3/../../../../arm-none-eabi/lib/armv7-m\libg.a(lib_a-mallocr.o)
                0x20070474                __malloc_av_
 .data.__malloc_trim_threshold
                0x2007087c        0x4 c:/users/user/appdata/roaming/arduino15/packages/arduino/tools/arm-none-eabi-gcc/4.8.3-2014q1/bin/../lib/gcc/arm-none-eabi/4.8.3/../../../../arm-none-eabi/lib/armv7-m\libg.a(lib_a-mallocr.o)
                0x2007087c                __malloc_trim_threshold
 .data.__malloc_sbrk_base
                0x20070880        0x4 c:/users/user/appdata/roaming/arduino15/packages/arduino/tools/arm-none-eabi-gcc/4.8.3-2014q1/bin/../lib/gcc/arm-none-eabi/4.8.3/../../../../arm-none-eabi/lib/armv7-m\libg.a(lib_a-mallocr.o)
                0x20070880                __malloc_sbrk_base
                0x20070884                . = ALIGN (0x4)
                0x20070884                _erelocate = .

.bss            0x20070884      0x834 load address 0x00083af8
                0x20070884                . = ALIGN (0x4)
                0x20070884                _sbss = .
                0x20070884                _szero = .
 *(.bss .bss.*)
 .bss           0x20070884       0x1c c:/users/user/appdata/roaming/arduino15/packages/arduino/tools/arm-none-eabi-gcc/4.8.3-2014q1/bin/../lib/gcc/arm-none-eabi/4.8.3/armv7-m/crtbegin.o
 .bss.heap.6416
                0x200708a0        0x4 C:\Users\User\AppData\Local\Temp\VMBuilds\hAPI_DataTest\arduino_due_x\Release/core/syscalls_sam3.c.o
 .bss.tx_buffer2
                0x200708a4       0x88 C:\Users\User\AppData\Local\Temp\VMBuilds\hAPI_DataTest\arduino_due_x\Release\variant\variant.cpp.o
                0x200708a4                tx_buffer2
 .bss.tx_buffer1
                0x2007092c       0x88 C:\Users\User\AppData\Local\Temp\VMBuilds\hAPI_DataTest\arduino_due_x\Release\variant\variant.cpp.o
                0x2007092c                tx_buffer1
 .bss.Serial    0x200709b4       0x24 C:\Users\User\AppData\Local\Temp\VMBuilds\hAPI_DataTest\arduino_due_x\Release\variant\variant.cpp.o
                0x200709b4                Serial
 .bss.rx_buffer1
                0x200709d8       0x88 C:\Users\User\AppData\Local\Temp\VMBuilds\hAPI_DataTest\arduino_due_x\Release\variant\variant.cpp.o
                0x200709d8                rx_buffer1
 .bss.Serial1   0x20070a60       0x28 C:\Users\User\AppData\Local\Temp\VMBuilds\hAPI_DataTest\arduino_due_x\Release\variant\variant.cpp.o
                0x20070a60                Serial1
 .bss.Serial2   0x20070a88       0x28 C:\Users\User\AppData\Local\Temp\VMBuilds\hAPI_DataTest\arduino_due_x\Release\variant\variant.cpp.o
                0x20070a88                Serial2
 .bss.Serial3   0x20070ab0       0x28 C:\Users\User\AppData\Local\Temp\VMBuilds\hAPI_DataTest\arduino_due_x\Release\variant\variant.cpp.o
                0x20070ab0                Serial3
 .bss.tx_buffer3
                0x20070ad8       0x88 C:\Users\User\AppData\Local\Temp\VMBuilds\hAPI_DataTest\arduino_due_x\Release\variant\variant.cpp.o
                0x20070ad8                tx_buffer3
 .bss.tx_buffer4
                0x20070b60       0x88 C:\Users\User\AppData\Local\Temp\VMBuilds\hAPI_DataTest\arduino_due_x\Release\variant\variant.cpp.o
                0x20070b60                tx_buffer4
 .bss.rx_buffer2
                0x20070be8       0x88 C:\Users\User\AppData\Local\Temp\VMBuilds\hAPI_DataTest\arduino_due_x\Release\variant\variant.cpp.o
                0x20070be8                rx_buffer2
 .bss.rx_buffer3
                0x20070c70       0x88 C:\Users\User\AppData\Local\Temp\VMBuilds\hAPI_DataTest\arduino_due_x\Release\variant\variant.cpp.o
                0x20070c70                rx_buffer3
 .bss.rx_buffer4
                0x20070cf8       0x88 C:\Users\User\AppData\Local\Temp\VMBuilds\hAPI_DataTest\arduino_due_x\Release\variant\variant.cpp.o
                0x20070cf8                rx_buffer4
 .bss.gpf_isr   0x20070d80        0x4 C:\Users\User\AppData\Roaming\arduino15\packages\arduino\hardware\sam\1.6.4\variants\arduino_due_x/libsam_sam3x8e_gcc_rel.a(uotghs.o)
                0x20070d80                gpf_isr
 .bss.pinEnabled
                0x20070d84       0x4f C:\Users\User\AppData\Local\Temp\VMBuilds\hAPI_DataTest\arduino_due_x\Release/core.a(wiring_analog.c.o)
 *fill*         0x20070dd3        0x1 
 .bss.cdc_rx_buffer
                0x20070dd4      0x208 C:\Users\User\AppData\Local\Temp\VMBuilds\hAPI_DataTest\arduino_due_x\Release/core.a(CDC.cpp.o)
                0x20070dd4                cdc_rx_buffer
 .bss._ZZN7Serial_6acceptEvE5guard
                0x20070fdc        0x4 C:\Users\User\AppData\Local\Temp\VMBuilds\hAPI_DataTest\arduino_due_x\Release/core.a(CDC.cpp.o)
 .bss.SerialUSB
                0x20070fe0       0x14 C:\Users\User\AppData\Local\Temp\VMBuilds\hAPI_DataTest\arduino_due_x\Release/core.a(CDC.cpp.o)
                0x20070fe0                SerialUSB
 .bss._ZL14isEndpointHalt
                0x20070ff4        0x1 C:\Users\User\AppData\Local\Temp\VMBuilds\hAPI_DataTest\arduino_due_x\Release/core.a(USBCore.cpp.o)
 *fill*         0x20070ff5        0x3 
 .bss._cmark    0x20070ff8        0x4 C:\Users\User\AppData\Local\Temp\VMBuilds\hAPI_DataTest\arduino_due_x\Release/core.a(USBCore.cpp.o)
                0x20070ff8                _cmark
 .bss._cend     0x20070ffc        0x4 C:\Users\User\AppData\Local\Temp\VMBuilds\hAPI_DataTest\arduino_due_x\Release/core.a(USBCore.cpp.o)
                0x20070ffc                _cend
 .bss._cdcComposite
                0x20071000        0x4 C:\Users\User\AppData\Local\Temp\VMBuilds\hAPI_DataTest\arduino_due_x\Release/core.a(USBCore.cpp.o)
                0x20071000                _cdcComposite
 .bss._ZL21isRemoteWakeUpEnabled
                0x20071004        0x1 C:\Users\User\AppData\Local\Temp\VMBuilds\hAPI_DataTest\arduino_due_x\Release/core.a(USBCore.cpp.o)
 *fill*         0x20071005        0x3 
 .bss._usbInitialized
                0x20071008        0x4 C:\Users\User\AppData\Local\Temp\VMBuilds\hAPI_DataTest\arduino_due_x\Release/core.a(USBCore.cpp.o)
                0x20071008                _usbInitialized
 .bss.USBDevice
                0x2007100c        0x1 C:\Users\User\AppData\Local\Temp\VMBuilds\hAPI_DataTest\arduino_due_x\Release/core.a(USBCore.cpp.o)
                0x2007100c                USBDevice
 *fill*         0x2007100d        0x3 
 .bss._usbSetInterface
                0x20071010        0x4 C:\Users\User\AppData\Local\Temp\VMBuilds\hAPI_DataTest\arduino_due_x\Release/core.a(USBCore.cpp.o)
                0x20071010                _usbSetInterface
 .bss._usbConfiguration
                0x20071014        0x4 C:\Users\User\AppData\Local\Temp\VMBuilds\hAPI_DataTest\arduino_due_x\Release/core.a(USBCore.cpp.o)
                0x20071014                _usbConfiguration
 .bss.Mouse     0x20071018        0x1 C:\Users\User\AppData\Local\Temp\VMBuilds\hAPI_DataTest\arduino_due_x\Release/core.a(HID.cpp.o)
                0x20071018                Mouse
 *fill*         0x20071019        0x3 
 .bss.Keyboard  0x2007101c       0x10 C:\Users\User\AppData\Local\Temp\VMBuilds\hAPI_DataTest\arduino_due_x\Release/core.a(HID.cpp.o)
                0x2007101c                Keyboard
 .bss._dwTickCount
                0x2007102c        0x4 C:\Users\User\AppData\Roaming\arduino15\packages\arduino\hardware\sam\1.6.4\variants\arduino_due_x/libsam_sam3x8e_gcc_rel.a(timetick.o)
 .bss.ul_recv_fifo_ptr
                0x20071030       0x28 C:\Users\User\AppData\Roaming\arduino15\packages\arduino\hardware\sam\1.6.4\variants\arduino_due_x/libsam_sam3x8e_gcc_rel.a(uotghs_device.o)
 .bss.ul_send_fifo_ptr
                0x20071058       0x28 C:\Users\User\AppData\Roaming\arduino15\packages\arduino\hardware\sam\1.6.4\variants\arduino_due_x/libsam_sam3x8e_gcc_rel.a(uotghs_device.o)
 .bss.__malloc_max_total_mem
                0x20071080        0x4 c:/users/user/appdata/roaming/arduino15/packages/arduino/tools/arm-none-eabi-gcc/4.8.3-2014q1/bin/../lib/gcc/arm-none-eabi/4.8.3/../../../../arm-none-eabi/lib/armv7-m\libg.a(lib_a-mallocr.o)
                0x20071080                __malloc_max_total_mem
 .bss.__malloc_max_sbrked_mem
                0x20071084        0x4 c:/users/user/appdata/roaming/arduino15/packages/arduino/tools/arm-none-eabi-gcc/4.8.3-2014q1/bin/../lib/gcc/arm-none-eabi/4.8.3/../../../../arm-none-eabi/lib/armv7-m\libg.a(lib_a-mallocr.o)
                0x20071084                __malloc_max_sbrked_mem
 .bss.__malloc_top_pad
                0x20071088        0x4 c:/users/user/appdata/roaming/arduino15/packages/arduino/tools/arm-none-eabi-gcc/4.8.3-2014q1/bin/../lib/gcc/arm-none-eabi/4.8.3/../../../../arm-none-eabi/lib/armv7-m\libg.a(lib_a-mallocr.o)
                0x20071088                __malloc_top_pad
 .bss.__malloc_current_mallinfo
                0x2007108c       0x28 c:/users/user/appdata/roaming/arduino15/packages/arduino/tools/arm-none-eabi-gcc/4.8.3-2014q1/bin/../lib/gcc/arm-none-eabi/4.8.3/../../../../arm-none-eabi/lib/armv7-m\libg.a(lib_a-mallocr.o)
                0x2007108c                __malloc_current_mallinfo
 *(COMMON)
 COMMON         0x200710b4        0x4 c:/users/user/appdata/roaming/arduino15/packages/arduino/tools/arm-none-eabi-gcc/4.8.3-2014q1/bin/../lib/gcc/arm-none-eabi/4.8.3/../../../../arm-none-eabi/lib/armv7-m\libg.a(lib_a-reent.o)
                0x200710b4                errno
                0x200710b8                . = ALIGN (0x4)
                0x200710b8                _ebss = .
                0x200710b8                _ezero = .
                0x200710b8                . = ALIGN (0x4)
                0x200710b8                _end = .

.stack_dummy    0x200710b8        0x0
 *(.stack*)
                0x20088000                __StackTop = (ORIGIN (ram) + 0x18000)
                0x20088000                __StackLimit = (__StackTop - SIZEOF (.stack_dummy))
                0x20088000                PROVIDE (_sstack, __StackLimit)
                0x20088000                PROVIDE (_estack, __StackTop)
OUTPUT(C:\Users\User\AppData\Local\Temp\VMBuilds\hAPI_DataTest\arduino_due_x\Release/hAPI_DataTest.ino.elf elf32-littlearm)

.ARM.attributes
                0x00000000       0x29
 .ARM.attributes
                0x00000000       0x1d c:/users/user/appdata/roaming/arduino15/packages/arduino/tools/arm-none-eabi-gcc/4.8.3-2014q1/bin/../lib/gcc/arm-none-eabi/4.8.3/armv7-m/crti.o
 .ARM.attributes
                0x0000001d       0x2d c:/users/user/appdata/roaming/arduino15/packages/arduino/tools/arm-none-eabi-gcc/4.8.3-2014q1/bin/../lib/gcc/arm-none-eabi/4.8.3/armv7-m/crtbegin.o
 .ARM.attributes
                0x0000004a       0x33 C:\Users\User\AppData\Local\Temp\VMBuilds\hAPI_DataTest\arduino_due_x\Release/core/syscalls_sam3.c.o
 .ARM.attributes
                0x0000007d       0x33 C:\Users\User\AppData\Local\Temp\VMBuilds\hAPI_DataTest\arduino_due_x\Release\hAPI_DataTest.cpp.o
 .ARM.attributes
                0x000000b0       0x33 C:\Users\User\AppData\Local\Temp\VMBuilds\hAPI_DataTest\arduino_due_x\Release\variant\variant.cpp.o
 .ARM.attributes
                0x000000e3       0x31 C:\Users\User\AppData\Roaming\arduino15\packages\arduino\hardware\sam\1.6.4\variants\arduino_due_x/libsam_sam3x8e_gcc_rel.a(pio.o)
 .ARM.attributes
                0x00000114       0x31 C:\Users\User\AppData\Roaming\arduino15\packages\arduino\hardware\sam\1.6.4\variants\arduino_due_x/libsam_sam3x8e_gcc_rel.a(pmc.o)
 .ARM.attributes
                0x00000145       0x31 C:\Users\User\AppData\Roaming\arduino15\packages\arduino\hardware\sam\1.6.4\variants\arduino_due_x/libsam_sam3x8e_gcc_rel.a(wdt.o)
 .ARM.attributes
                0x00000176       0x31 C:\Users\User\AppData\Roaming\arduino15\packages\arduino\hardware\sam\1.6.4\variants\arduino_due_x/libsam_sam3x8e_gcc_rel.a(system_sam3xa.o)
 .ARM.attributes
                0x000001a7       0x31 C:\Users\User\AppData\Roaming\arduino15\packages\arduino\hardware\sam\1.6.4\variants\arduino_due_x/libsam_sam3x8e_gcc_rel.a(startup_sam3xa.o)
 .ARM.attributes
                0x000001d8       0x31 C:\Users\User\AppData\Roaming\arduino15\packages\arduino\hardware\sam\1.6.4\variants\arduino_due_x/libsam_sam3x8e_gcc_rel.a(adc.o)
 .ARM.attributes
                0x00000209       0x31 C:\Users\User\AppData\Roaming\arduino15\packages\arduino\hardware\sam\1.6.4\variants\arduino_due_x/libsam_sam3x8e_gcc_rel.a(uotghs.o)
 .ARM.attributes
                0x0000023a       0x33 C:\Users\User\AppData\Local\Temp\VMBuilds\hAPI_DataTest\arduino_due_x\Release/core.a(cortex_handlers.c.o)
 .ARM.attributes
                0x0000026d       0x33 C:\Users\User\AppData\Local\Temp\VMBuilds\hAPI_DataTest\arduino_due_x\Release/core.a(hooks.c.o)
 .ARM.attributes
                0x000002a0       0x33 C:\Users\User\AppData\Local\Temp\VMBuilds\hAPI_DataTest\arduino_due_x\Release/core.a(wiring_analog.c.o)
 .ARM.attributes
                0x000002d3       0x33 C:\Users\User\AppData\Local\Temp\VMBuilds\hAPI_DataTest\arduino_due_x\Release/core.a(wiring_digital.c.o)
 .ARM.attributes
                0x00000306       0x33 C:\Users\User\AppData\Local\Temp\VMBuilds\hAPI_DataTest\arduino_due_x\Release/core.a(main.cpp.o)
 .ARM.attributes
                0x00000339       0x33 C:\Users\User\AppData\Local\Temp\VMBuilds\hAPI_DataTest\arduino_due_x\Release/core.a(new.cpp.o)
 .ARM.attributes
                0x0000036c       0x33 C:\Users\User\AppData\Local\Temp\VMBuilds\hAPI_DataTest\arduino_due_x\Release/core.a(Print.cpp.o)
 .ARM.attributes
                0x0000039f       0x33 C:\Users\User\AppData\Local\Temp\VMBuilds\hAPI_DataTest\arduino_due_x\Release/core.a(Reset.cpp.o)
 .ARM.attributes
                0x000003d2       0x33 C:\Users\User\AppData\Local\Temp\VMBuilds\hAPI_DataTest\arduino_due_x\Release/core.a(RingBuffer.cpp.o)
 .ARM.attributes
                0x00000405       0x33 C:\Users\User\AppData\Local\Temp\VMBuilds\hAPI_DataTest\arduino_due_x\Release/core.a(UARTClass.cpp.o)
 .ARM.attributes
                0x00000438       0x33 C:\Users\User\AppData\Local\Temp\VMBuilds\hAPI_DataTest\arduino_due_x\Release/core.a(USARTClass.cpp.o)
 .ARM.attributes
                0x0000046b       0x33 C:\Users\User\AppData\Local\Temp\VMBuilds\hAPI_DataTest\arduino_due_x\Release/core.a(CDC.cpp.o)
 .ARM.attributes
                0x0000049e       0x33 C:\Users\User\AppData\Local\Temp\VMBuilds\hAPI_DataTest\arduino_due_x\Release/core.a(USBCore.cpp.o)
 .ARM.attributes
                0x000004d1       0x33 C:\Users\User\AppData\Local\Temp\VMBuilds\hAPI_DataTest\arduino_due_x\Release/core.a(wiring.c.o)
 .ARM.attributes
                0x00000504       0x33 C:\Users\User\AppData\Local\Temp\VMBuilds\hAPI_DataTest\arduino_due_x\Release/core.a(HID.cpp.o)
 .ARM.attributes
                0x00000537       0x31 C:\Users\User\AppData\Roaming\arduino15\packages\arduino\hardware\sam\1.6.4\variants\arduino_due_x/libsam_sam3x8e_gcc_rel.a(timetick.o)
 .ARM.attributes
                0x00000568       0x31 C:\Users\User\AppData\Roaming\arduino15\packages\arduino\hardware\sam\1.6.4\variants\arduino_due_x/libsam_sam3x8e_gcc_rel.a(interrupt_sam_nvic.o)
 .ARM.attributes
                0x00000599       0x31 C:\Users\User\AppData\Roaming\arduino15\packages\arduino\hardware\sam\1.6.4\variants\arduino_due_x/libsam_sam3x8e_gcc_rel.a(uotghs_device.o)
 .ARM.attributes
                0x000005ca       0x2d c:/users/user/appdata/roaming/arduino15/packages/arduino/tools/arm-none-eabi-gcc/4.8.3-2014q1/bin/../lib/gcc/arm-none-eabi/4.8.3/../../../../arm-none-eabi/lib/armv7-m\libg.a(lib_a-impure.o)
 .ARM.attributes
                0x000005f7       0x2d c:/users/user/appdata/roaming/arduino15/packages/arduino/tools/arm-none-eabi-gcc/4.8.3-2014q1/bin/../lib/gcc/arm-none-eabi/4.8.3/../../../../arm-none-eabi/lib/armv7-m\libg.a(lib_a-init.o)
 .ARM.attributes
                0x00000624       0x2d c:/users/user/appdata/roaming/arduino15/packages/arduino/tools/arm-none-eabi-gcc/4.8.3-2014q1/bin/../lib/gcc/arm-none-eabi/4.8.3/../../../../arm-none-eabi/lib/armv7-m\libg.a(lib_a-malloc.o)
 .ARM.attributes
                0x00000651       0x2d c:/users/user/appdata/roaming/arduino15/packages/arduino/tools/arm-none-eabi-gcc/4.8.3-2014q1/bin/../lib/gcc/arm-none-eabi/4.8.3/../../../../arm-none-eabi/lib/armv7-m\libg.a(lib_a-mallocr.o)
 .ARM.attributes
                0x0000067e       0x2d c:/users/user/appdata/roaming/arduino15/packages/arduino/tools/arm-none-eabi-gcc/4.8.3-2014q1/bin/../lib/gcc/arm-none-eabi/4.8.3/../../../../arm-none-eabi/lib/armv7-m\libg.a(lib_a-memset.o)
 .ARM.attributes
                0x000006ab       0x2d c:/users/user/appdata/roaming/arduino15/packages/arduino/tools/arm-none-eabi-gcc/4.8.3-2014q1/bin/../lib/gcc/arm-none-eabi/4.8.3/../../../../arm-none-eabi/lib/armv7-m\libg.a(lib_a-mlock.o)
 .ARM.attributes
                0x000006d8       0x2d c:/users/user/appdata/roaming/arduino15/packages/arduino/tools/arm-none-eabi-gcc/4.8.3-2014q1/bin/../lib/gcc/arm-none-eabi/4.8.3/../../../../arm-none-eabi/lib/armv7-m\libg.a(lib_a-sbrkr.o)
 .ARM.attributes
                0x00000705       0x2d c:/users/user/appdata/roaming/arduino15/packages/arduino/tools/arm-none-eabi-gcc/4.8.3-2014q1/bin/../lib/gcc/arm-none-eabi/4.8.3/../../../../arm-none-eabi/lib/armv7-m\libg.a(lib_a-strlen.o)
 .ARM.attributes
                0x00000732       0x2d c:/users/user/appdata/roaming/arduino15/packages/arduino/tools/arm-none-eabi-gcc/4.8.3-2014q1/bin/../lib/gcc/arm-none-eabi/4.8.3/../../../../arm-none-eabi/lib/armv7-m\libg.a(lib_a-__call_atexit.o)
 .ARM.attributes
                0x0000075f       0x2d c:/users/user/appdata/roaming/arduino15/packages/arduino/tools/arm-none-eabi-gcc/4.8.3-2014q1/bin/../lib/gcc/arm-none-eabi/4.8.3/../../../../arm-none-eabi/lib/armv7-m\libg.a(lib_a-atexit.o)
 .ARM.attributes
                0x0000078c       0x2d c:/users/user/appdata/roaming/arduino15/packages/arduino/tools/arm-none-eabi-gcc/4.8.3-2014q1/bin/../lib/gcc/arm-none-eabi/4.8.3/../../../../arm-none-eabi/lib/armv7-m\libg.a(lib_a-fini.o)
 .ARM.attributes
                0x000007b9       0x2d c:/users/user/appdata/roaming/arduino15/packages/arduino/tools/arm-none-eabi-gcc/4.8.3-2014q1/bin/../lib/gcc/arm-none-eabi/4.8.3/../../../../arm-none-eabi/lib/armv7-m\libg.a(lib_a-freer.o)
 .ARM.attributes
                0x000007e6       0x2d c:/users/user/appdata/roaming/arduino15/packages/arduino/tools/arm-none-eabi-gcc/4.8.3-2014q1/bin/../lib/gcc/arm-none-eabi/4.8.3/../../../../arm-none-eabi/lib/armv7-m\libg.a(lib_a-reent.o)
 .ARM.attributes
                0x00000813       0x2d c:/users/user/appdata/roaming/arduino15/packages/arduino/tools/arm-none-eabi-gcc/4.8.3-2014q1/bin/../lib/gcc/arm-none-eabi/4.8.3/../../../../arm-none-eabi/lib/armv7-m\libg.a(lib_a-__atexit.o)
 .ARM.attributes
                0x00000840       0x1d c:/users/user/appdata/roaming/arduino15/packages/arduino/tools/arm-none-eabi-gcc/4.8.3-2014q1/bin/../lib/gcc/arm-none-eabi/4.8.3/armv7-m/crtn.o

.comment        0x00000000       0x9a
 .comment       0x00000000       0x70 C:\Users\User\AppData\Local\Temp\VMBuilds\hAPI_DataTest\arduino_due_x\Release/core/syscalls_sam3.c.o
                                 0x71 (size before relaxing)
 .comment       0x00000000       0x71 C:\Users\User\AppData\Local\Temp\VMBuilds\hAPI_DataTest\arduino_due_x\Release\hAPI_DataTest.cpp.o
 .comment       0x00000000       0x71 C:\Users\User\AppData\Local\Temp\VMBuilds\hAPI_DataTest\arduino_due_x\Release\variant\variant.cpp.o
 .comment       0x00000070       0x2a C:\Users\User\AppData\Roaming\arduino15\packages\arduino\hardware\sam\1.6.4\variants\arduino_due_x/libsam_sam3x8e_gcc_rel.a(pio.o)
                                 0x2b (size before relaxing)
 .comment       0x00000000       0x2b C:\Users\User\AppData\Roaming\arduino15\packages\arduino\hardware\sam\1.6.4\variants\arduino_due_x/libsam_sam3x8e_gcc_rel.a(pmc.o)
 .comment       0x00000000       0x2b C:\Users\User\AppData\Roaming\arduino15\packages\arduino\hardware\sam\1.6.4\variants\arduino_due_x/libsam_sam3x8e_gcc_rel.a(wdt.o)
 .comment       0x00000000       0x2b C:\Users\User\AppData\Roaming\arduino15\packages\arduino\hardware\sam\1.6.4\variants\arduino_due_x/libsam_sam3x8e_gcc_rel.a(system_sam3xa.o)
 .comment       0x00000000       0x2b C:\Users\User\AppData\Roaming\arduino15\packages\arduino\hardware\sam\1.6.4\variants\arduino_due_x/libsam_sam3x8e_gcc_rel.a(startup_sam3xa.o)
 .comment       0x00000000       0x2b C:\Users\User\AppData\Roaming\arduino15\packages\arduino\hardware\sam\1.6.4\variants\arduino_due_x/libsam_sam3x8e_gcc_rel.a(adc.o)
 .comment       0x00000000       0x2b C:\Users\User\AppData\Roaming\arduino15\packages\arduino\hardware\sam\1.6.4\variants\arduino_due_x/libsam_sam3x8e_gcc_rel.a(uotghs.o)
 .comment       0x00000000       0x71 C:\Users\User\AppData\Local\Temp\VMBuilds\hAPI_DataTest\arduino_due_x\Release/core.a(cortex_handlers.c.o)
 .comment       0x00000000       0x71 C:\Users\User\AppData\Local\Temp\VMBuilds\hAPI_DataTest\arduino_due_x\Release/core.a(hooks.c.o)
 .comment       0x00000000       0x71 C:\Users\User\AppData\Local\Temp\VMBuilds\hAPI_DataTest\arduino_due_x\Release/core.a(wiring_analog.c.o)
 .comment       0x00000000       0x71 C:\Users\User\AppData\Local\Temp\VMBuilds\hAPI_DataTest\arduino_due_x\Release/core.a(wiring_digital.c.o)
 .comment       0x00000000       0x71 C:\Users\User\AppData\Local\Temp\VMBuilds\hAPI_DataTest\arduino_due_x\Release/core.a(main.cpp.o)
 .comment       0x00000000       0x71 C:\Users\User\AppData\Local\Temp\VMBuilds\hAPI_DataTest\arduino_due_x\Release/core.a(new.cpp.o)
 .comment       0x00000000       0x71 C:\Users\User\AppData\Local\Temp\VMBuilds\hAPI_DataTest\arduino_due_x\Release/core.a(Print.cpp.o)
 .comment       0x00000000       0x71 C:\Users\User\AppData\Local\Temp\VMBuilds\hAPI_DataTest\arduino_due_x\Release/core.a(Reset.cpp.o)
 .comment       0x00000000       0x71 C:\Users\User\AppData\Local\Temp\VMBuilds\hAPI_DataTest\arduino_due_x\Release/core.a(RingBuffer.cpp.o)
 .comment       0x00000000       0x71 C:\Users\User\AppData\Local\Temp\VMBuilds\hAPI_DataTest\arduino_due_x\Release/core.a(UARTClass.cpp.o)
 .comment       0x00000000       0x71 C:\Users\User\AppData\Local\Temp\VMBuilds\hAPI_DataTest\arduino_due_x\Release/core.a(USARTClass.cpp.o)
 .comment       0x00000000       0x71 C:\Users\User\AppData\Local\Temp\VMBuilds\hAPI_DataTest\arduino_due_x\Release/core.a(CDC.cpp.o)
 .comment       0x00000000       0x71 C:\Users\User\AppData\Local\Temp\VMBuilds\hAPI_DataTest\arduino_due_x\Release/core.a(USBCore.cpp.o)
 .comment       0x00000000       0x71 C:\Users\User\AppData\Local\Temp\VMBuilds\hAPI_DataTest\arduino_due_x\Release/core.a(wiring.c.o)
 .comment       0x00000000       0x71 C:\Users\User\AppData\Local\Temp\VMBuilds\hAPI_DataTest\arduino_due_x\Release/core.a(HID.cpp.o)
 .comment       0x00000000       0x2b C:\Users\User\AppData\Roaming\arduino15\packages\arduino\hardware\sam\1.6.4\variants\arduino_due_x/libsam_sam3x8e_gcc_rel.a(timetick.o)
 .comment       0x00000000       0x2b C:\Users\User\AppData\Roaming\arduino15\packages\arduino\hardware\sam\1.6.4\variants\arduino_due_x/libsam_sam3x8e_gcc_rel.a(interrupt_sam_nvic.o)
 .comment       0x00000000       0x2b C:\Users\User\AppData\Roaming\arduino15\packages\arduino\hardware\sam\1.6.4\variants\arduino_due_x/libsam_sam3x8e_gcc_rel.a(uotghs_device.o)

.debug_info     0x00000000    0x10844
 .debug_info    0x00000000      0x624 C:\Users\User\AppData\Local\Temp\VMBuilds\hAPI_DataTest\arduino_due_x\Release/core/syscalls_sam3.c.o
 .debug_info    0x00000624      0x5e1 C:\Users\User\AppData\Local\Temp\VMBuilds\hAPI_DataTest\arduino_due_x\Release\hAPI_DataTest.cpp.o
 .debug_info    0x00000c05     0x1a37 C:\Users\User\AppData\Local\Temp\VMBuilds\hAPI_DataTest\arduino_due_x\Release\variant\variant.cpp.o
 .debug_info    0x0000263c      0x2aa C:\Users\User\AppData\Local\Temp\VMBuilds\hAPI_DataTest\arduino_due_x\Release/core.a(cortex_handlers.c.o)
 .debug_info    0x000028e6       0x60 C:\Users\User\AppData\Local\Temp\VMBuilds\hAPI_DataTest\arduino_due_x\Release/core.a(hooks.c.o)
 .debug_info    0x00002946     0x1d1e C:\Users\User\AppData\Local\Temp\VMBuilds\hAPI_DataTest\arduino_due_x\Release/core.a(wiring_analog.c.o)
 .debug_info    0x00004664      0xa30 C:\Users\User\AppData\Local\Temp\VMBuilds\hAPI_DataTest\arduino_due_x\Release/core.a(wiring_digital.c.o)
 .debug_info    0x00005094      0x367 C:\Users\User\AppData\Local\Temp\VMBuilds\hAPI_DataTest\arduino_due_x\Release/core.a(main.cpp.o)
 .debug_info    0x000053fb      0x195 C:\Users\User\AppData\Local\Temp\VMBuilds\hAPI_DataTest\arduino_due_x\Release/core.a(new.cpp.o)
 .debug_info    0x00005590     0x24b4 C:\Users\User\AppData\Local\Temp\VMBuilds\hAPI_DataTest\arduino_due_x\Release/core.a(Print.cpp.o)
 .debug_info    0x00007a44      0x38b C:\Users\User\AppData\Local\Temp\VMBuilds\hAPI_DataTest\arduino_due_x\Release/core.a(Reset.cpp.o)
 .debug_info    0x00007dcf      0x1ea C:\Users\User\AppData\Local\Temp\VMBuilds\hAPI_DataTest\arduino_due_x\Release/core.a(RingBuffer.cpp.o)
 .debug_info    0x00007fb9     0x2180 C:\Users\User\AppData\Local\Temp\VMBuilds\hAPI_DataTest\arduino_due_x\Release/core.a(UARTClass.cpp.o)
 .debug_info    0x0000a139      0xb94 C:\Users\User\AppData\Local\Temp\VMBuilds\hAPI_DataTest\arduino_due_x\Release/core.a(USARTClass.cpp.o)
 .debug_info    0x0000accd     0x28dd C:\Users\User\AppData\Local\Temp\VMBuilds\hAPI_DataTest\arduino_due_x\Release/core.a(CDC.cpp.o)
 .debug_info    0x0000d5aa     0x1cf6 C:\Users\User\AppData\Local\Temp\VMBuilds\hAPI_DataTest\arduino_due_x\Release/core.a(USBCore.cpp.o)
 .debug_info    0x0000f2a0      0x4ff C:\Users\User\AppData\Local\Temp\VMBuilds\hAPI_DataTest\arduino_due_x\Release/core.a(wiring.c.o)
 .debug_info    0x0000f79f     0x10a5 C:\Users\User\AppData\Local\Temp\VMBuilds\hAPI_DataTest\arduino_due_x\Release/core.a(HID.cpp.o)

.debug_abbrev   0x00000000     0x31fd
 .debug_abbrev  0x00000000      0x19c C:\Users\User\AppData\Local\Temp\VMBuilds\hAPI_DataTest\arduino_due_x\Release/core/syscalls_sam3.c.o
 .debug_abbrev  0x0000019c      0x263 C:\Users\User\AppData\Local\Temp\VMBuilds\hAPI_DataTest\arduino_due_x\Release\hAPI_DataTest.cpp.o
 .debug_abbrev  0x000003ff      0x3f5 C:\Users\User\AppData\Local\Temp\VMBuilds\hAPI_DataTest\arduino_due_x\Release\variant\variant.cpp.o
 .debug_abbrev  0x000007f4      0x106 C:\Users\User\AppData\Local\Temp\VMBuilds\hAPI_DataTest\arduino_due_x\Release/core.a(cortex_handlers.c.o)
 .debug_abbrev  0x000008fa       0x47 C:\Users\User\AppData\Local\Temp\VMBuilds\hAPI_DataTest\arduino_due_x\Release/core.a(hooks.c.o)
 .debug_abbrev  0x00000941      0x2f2 C:\Users\User\AppData\Local\Temp\VMBuilds\hAPI_DataTest\arduino_due_x\Release/core.a(wiring_analog.c.o)
 .debug_abbrev  0x00000c33      0x1d5 C:\Users\User\AppData\Local\Temp\VMBuilds\hAPI_DataTest\arduino_due_x\Release/core.a(wiring_digital.c.o)
 .debug_abbrev  0x00000e08      0x177 C:\Users\User\AppData\Local\Temp\VMBuilds\hAPI_DataTest\arduino_due_x\Release/core.a(main.cpp.o)
 .debug_abbrev  0x00000f7f       0xd3 C:\Users\User\AppData\Local\Temp\VMBuilds\hAPI_DataTest\arduino_due_x\Release/core.a(new.cpp.o)
 .debug_abbrev  0x00001052      0x43a C:\Users\User\AppData\Local\Temp\VMBuilds\hAPI_DataTest\arduino_due_x\Release/core.a(Print.cpp.o)
 .debug_abbrev  0x0000148c      0x12d C:\Users\User\AppData\Local\Temp\VMBuilds\hAPI_DataTest\arduino_due_x\Release/core.a(Reset.cpp.o)
 .debug_abbrev  0x000015b9      0x16e C:\Users\User\AppData\Local\Temp\VMBuilds\hAPI_DataTest\arduino_due_x\Release/core.a(RingBuffer.cpp.o)
 .debug_abbrev  0x00001727      0x522 C:\Users\User\AppData\Local\Temp\VMBuilds\hAPI_DataTest\arduino_due_x\Release/core.a(UARTClass.cpp.o)
 .debug_abbrev  0x00001c49      0x2db C:\Users\User\AppData\Local\Temp\VMBuilds\hAPI_DataTest\arduino_due_x\Release/core.a(USARTClass.cpp.o)
 .debug_abbrev  0x00001f24      0x62a C:\Users\User\AppData\Local\Temp\VMBuilds\hAPI_DataTest\arduino_due_x\Release/core.a(CDC.cpp.o)
 .debug_abbrev  0x0000254e      0x615 C:\Users\User\AppData\Local\Temp\VMBuilds\hAPI_DataTest\arduino_due_x\Release/core.a(USBCore.cpp.o)
 .debug_abbrev  0x00002b63      0x160 C:\Users\User\AppData\Local\Temp\VMBuilds\hAPI_DataTest\arduino_due_x\Release/core.a(wiring.c.o)
 .debug_abbrev  0x00002cc3      0x53a C:\Users\User\AppData\Local\Temp\VMBuilds\hAPI_DataTest\arduino_due_x\Release/core.a(HID.cpp.o)

.debug_loc      0x00000000     0x3acc
 .debug_loc     0x00000000      0x176 C:\Users\User\AppData\Local\Temp\VMBuilds\hAPI_DataTest\arduino_due_x\Release/core/syscalls_sam3.c.o
 .debug_loc     0x00000176       0x8a C:\Users\User\AppData\Local\Temp\VMBuilds\hAPI_DataTest\arduino_due_x\Release\variant\variant.cpp.o
 .debug_loc     0x00000200      0x799 C:\Users\User\AppData\Local\Temp\VMBuilds\hAPI_DataTest\arduino_due_x\Release/core.a(wiring_analog.c.o)
 .debug_loc     0x00000999      0x138 C:\Users\User\AppData\Local\Temp\VMBuilds\hAPI_DataTest\arduino_due_x\Release/core.a(wiring_digital.c.o)
 .debug_loc     0x00000ad1       0x84 C:\Users\User\AppData\Local\Temp\VMBuilds\hAPI_DataTest\arduino_due_x\Release/core.a(new.cpp.o)
 .debug_loc     0x00000b55     0x11e3 C:\Users\User\AppData\Local\Temp\VMBuilds\hAPI_DataTest\arduino_due_x\Release/core.a(Print.cpp.o)
 .debug_loc     0x00001d38       0x1e C:\Users\User\AppData\Local\Temp\VMBuilds\hAPI_DataTest\arduino_due_x\Release/core.a(RingBuffer.cpp.o)
 .debug_loc     0x00001d56      0x42b C:\Users\User\AppData\Local\Temp\VMBuilds\hAPI_DataTest\arduino_due_x\Release/core.a(UARTClass.cpp.o)
 .debug_loc     0x00002181      0x230 C:\Users\User\AppData\Local\Temp\VMBuilds\hAPI_DataTest\arduino_due_x\Release/core.a(USARTClass.cpp.o)
 .debug_loc     0x000023b1      0x4ca C:\Users\User\AppData\Local\Temp\VMBuilds\hAPI_DataTest\arduino_due_x\Release/core.a(CDC.cpp.o)
 .debug_loc     0x0000287b      0xa9b C:\Users\User\AppData\Local\Temp\VMBuilds\hAPI_DataTest\arduino_due_x\Release/core.a(USBCore.cpp.o)
 .debug_loc     0x00003316       0xfc C:\Users\User\AppData\Local\Temp\VMBuilds\hAPI_DataTest\arduino_due_x\Release/core.a(wiring.c.o)
 .debug_loc     0x00003412      0x6ba C:\Users\User\AppData\Local\Temp\VMBuilds\hAPI_DataTest\arduino_due_x\Release/core.a(HID.cpp.o)

.debug_aranges  0x00000000      0x6b8
 .debug_aranges
                0x00000000       0x70 C:\Users\User\AppData\Local\Temp\VMBuilds\hAPI_DataTest\arduino_due_x\Release/core/syscalls_sam3.c.o
 .debug_aranges
                0x00000070       0x28 C:\Users\User\AppData\Local\Temp\VMBuilds\hAPI_DataTest\arduino_due_x\Release\hAPI_DataTest.cpp.o
 .debug_aranges
                0x00000098       0x70 C:\Users\User\AppData\Local\Temp\VMBuilds\hAPI_DataTest\arduino_due_x\Release\variant\variant.cpp.o
 .debug_aranges
                0x00000108       0x38 C:\Users\User\AppData\Local\Temp\VMBuilds\hAPI_DataTest\arduino_due_x\Release/core.a(cortex_handlers.c.o)
 .debug_aranges
                0x00000140       0x30 C:\Users\User\AppData\Local\Temp\VMBuilds\hAPI_DataTest\arduino_due_x\Release/core.a(hooks.c.o)
 .debug_aranges
                0x00000170       0x50 C:\Users\User\AppData\Local\Temp\VMBuilds\hAPI_DataTest\arduino_due_x\Release/core.a(wiring_analog.c.o)
 .debug_aranges
                0x000001c0       0x30 C:\Users\User\AppData\Local\Temp\VMBuilds\hAPI_DataTest\arduino_due_x\Release/core.a(wiring_digital.c.o)
 .debug_aranges
                0x000001f0       0x28 C:\Users\User\AppData\Local\Temp\VMBuilds\hAPI_DataTest\arduino_due_x\Release/core.a(main.cpp.o)
 .debug_aranges
                0x00000218       0x38 C:\Users\User\AppData\Local\Temp\VMBuilds\hAPI_DataTest\arduino_due_x\Release/core.a(new.cpp.o)
 .debug_aranges
                0x00000250       0xf0 C:\Users\User\AppData\Local\Temp\VMBuilds\hAPI_DataTest\arduino_due_x\Release/core.a(Print.cpp.o)
 .debug_aranges
                0x00000340       0x38 C:\Users\User\AppData\Local\Temp\VMBuilds\hAPI_DataTest\arduino_due_x\Release/core.a(Reset.cpp.o)
 .debug_aranges
                0x00000378       0x28 C:\Users\User\AppData\Local\Temp\VMBuilds\hAPI_DataTest\arduino_due_x\Release/core.a(RingBuffer.cpp.o)
 .debug_aranges
                0x000003a0       0x90 C:\Users\User\AppData\Local\Temp\VMBuilds\hAPI_DataTest\arduino_due_x\Release/core.a(UARTClass.cpp.o)
 .debug_aranges
                0x00000430       0x40 C:\Users\User\AppData\Local\Temp\VMBuilds\hAPI_DataTest\arduino_due_x\Release/core.a(USARTClass.cpp.o)
 .debug_aranges
                0x00000470       0x90 C:\Users\User\AppData\Local\Temp\VMBuilds\hAPI_DataTest\arduino_due_x\Release/core.a(CDC.cpp.o)
 .debug_aranges
                0x00000500       0xc0 C:\Users\User\AppData\Local\Temp\VMBuilds\hAPI_DataTest\arduino_due_x\Release/core.a(USBCore.cpp.o)
 .debug_aranges
                0x000005c0       0x30 C:\Users\User\AppData\Local\Temp\VMBuilds\hAPI_DataTest\arduino_due_x\Release/core.a(wiring.c.o)
 .debug_aranges
                0x000005f0       0xc8 C:\Users\User\AppData\Local\Temp\VMBuilds\hAPI_DataTest\arduino_due_x\Release/core.a(HID.cpp.o)

.debug_ranges   0x00000000      0x950
 .debug_ranges  0x00000000       0x60 C:\Users\User\AppData\Local\Temp\VMBuilds\hAPI_DataTest\arduino_due_x\Release/core/syscalls_sam3.c.o
 .debug_ranges  0x00000060       0x60 C:\Users\User\AppData\Local\Temp\VMBuilds\hAPI_DataTest\arduino_due_x\Release\hAPI_DataTest.cpp.o
 .debug_ranges  0x000000c0       0x98 C:\Users\User\AppData\Local\Temp\VMBuilds\hAPI_DataTest\arduino_due_x\Release\variant\variant.cpp.o
 .debug_ranges  0x00000158       0x28 C:\Users\User\AppData\Local\Temp\VMBuilds\hAPI_DataTest\arduino_due_x\Release/core.a(cortex_handlers.c.o)
 .debug_ranges  0x00000180       0x20 C:\Users\User\AppData\Local\Temp\VMBuilds\hAPI_DataTest\arduino_due_x\Release/core.a(hooks.c.o)
 .debug_ranges  0x000001a0       0x88 C:\Users\User\AppData\Local\Temp\VMBuilds\hAPI_DataTest\arduino_due_x\Release/core.a(wiring_analog.c.o)
 .debug_ranges  0x00000228       0x20 C:\Users\User\AppData\Local\Temp\VMBuilds\hAPI_DataTest\arduino_due_x\Release/core.a(wiring_digital.c.o)
 .debug_ranges  0x00000248       0x18 C:\Users\User\AppData\Local\Temp\VMBuilds\hAPI_DataTest\arduino_due_x\Release/core.a(main.cpp.o)
 .debug_ranges  0x00000260       0x28 C:\Users\User\AppData\Local\Temp\VMBuilds\hAPI_DataTest\arduino_due_x\Release/core.a(new.cpp.o)
 .debug_ranges  0x00000288      0x1c0 C:\Users\User\AppData\Local\Temp\VMBuilds\hAPI_DataTest\arduino_due_x\Release/core.a(Print.cpp.o)
 .debug_ranges  0x00000448       0x28 C:\Users\User\AppData\Local\Temp\VMBuilds\hAPI_DataTest\arduino_due_x\Release/core.a(Reset.cpp.o)
 .debug_ranges  0x00000470       0x18 C:\Users\User\AppData\Local\Temp\VMBuilds\hAPI_DataTest\arduino_due_x\Release/core.a(RingBuffer.cpp.o)
 .debug_ranges  0x00000488       0xb0 C:\Users\User\AppData\Local\Temp\VMBuilds\hAPI_DataTest\arduino_due_x\Release/core.a(UARTClass.cpp.o)
 .debug_ranges  0x00000538       0x30 C:\Users\User\AppData\Local\Temp\VMBuilds\hAPI_DataTest\arduino_due_x\Release/core.a(USARTClass.cpp.o)
 .debug_ranges  0x00000568       0x98 C:\Users\User\AppData\Local\Temp\VMBuilds\hAPI_DataTest\arduino_due_x\Release/core.a(CDC.cpp.o)
 .debug_ranges  0x00000600      0x228 C:\Users\User\AppData\Local\Temp\VMBuilds\hAPI_DataTest\arduino_due_x\Release/core.a(USBCore.cpp.o)
 .debug_ranges  0x00000828       0x20 C:\Users\User\AppData\Local\Temp\VMBuilds\hAPI_DataTest\arduino_due_x\Release/core.a(wiring.c.o)
 .debug_ranges  0x00000848      0x108 C:\Users\User\AppData\Local\Temp\VMBuilds\hAPI_DataTest\arduino_due_x\Release/core.a(HID.cpp.o)

.debug_line     0x00000000     0x555e
 .debug_line    0x00000000      0x497 C:\Users\User\AppData\Local\Temp\VMBuilds\hAPI_DataTest\arduino_due_x\Release/core/syscalls_sam3.c.o
 .debug_line    0x00000497      0x4bf C:\Users\User\AppData\Local\Temp\VMBuilds\hAPI_DataTest\arduino_due_x\Release\hAPI_DataTest.cpp.o
 .debug_line    0x00000956      0x649 C:\Users\User\AppData\Local\Temp\VMBuilds\hAPI_DataTest\arduino_due_x\Release\variant\variant.cpp.o
 .debug_line    0x00000f9f      0x356 C:\Users\User\AppData\Local\Temp\VMBuilds\hAPI_DataTest\arduino_due_x\Release/core.a(cortex_handlers.c.o)
 .debug_line    0x000012f5       0xb0 C:\Users\User\AppData\Local\Temp\VMBuilds\hAPI_DataTest\arduino_due_x\Release/core.a(hooks.c.o)
 .debug_line    0x000013a5      0x5f4 C:\Users\User\AppData\Local\Temp\VMBuilds\hAPI_DataTest\arduino_due_x\Release/core.a(wiring_analog.c.o)
 .debug_line    0x00001999      0x483 C:\Users\User\AppData\Local\Temp\VMBuilds\hAPI_DataTest\arduino_due_x\Release/core.a(wiring_digital.c.o)
 .debug_line    0x00001e1c      0x3b5 C:\Users\User\AppData\Local\Temp\VMBuilds\hAPI_DataTest\arduino_due_x\Release/core.a(main.cpp.o)
 .debug_line    0x000021d1      0x1d0 C:\Users\User\AppData\Local\Temp\VMBuilds\hAPI_DataTest\arduino_due_x\Release/core.a(new.cpp.o)
 .debug_line    0x000023a1      0x6ff C:\Users\User\AppData\Local\Temp\VMBuilds\hAPI_DataTest\arduino_due_x\Release/core.a(Print.cpp.o)
 .debug_line    0x00002aa0      0x489 C:\Users\User\AppData\Local\Temp\VMBuilds\hAPI_DataTest\arduino_due_x\Release/core.a(Reset.cpp.o)
 .debug_line    0x00002f29      0x1d6 C:\Users\User\AppData\Local\Temp\VMBuilds\hAPI_DataTest\arduino_due_x\Release/core.a(RingBuffer.cpp.o)
 .debug_line    0x000030ff      0x657 C:\Users\User\AppData\Local\Temp\VMBuilds\hAPI_DataTest\arduino_due_x\Release/core.a(UARTClass.cpp.o)
 .debug_line    0x00003756      0x4ee C:\Users\User\AppData\Local\Temp\VMBuilds\hAPI_DataTest\arduino_due_x\Release/core.a(USARTClass.cpp.o)
 .debug_line    0x00003c44      0x727 C:\Users\User\AppData\Local\Temp\VMBuilds\hAPI_DataTest\arduino_due_x\Release/core.a(CDC.cpp.o)
 .debug_line    0x0000436b      0x848 C:\Users\User\AppData\Local\Temp\VMBuilds\hAPI_DataTest\arduino_due_x\Release/core.a(USBCore.cpp.o)
 .debug_line    0x00004bb3      0x35a C:\Users\User\AppData\Local\Temp\VMBuilds\hAPI_DataTest\arduino_due_x\Release/core.a(wiring.c.o)
 .debug_line    0x00004f0d      0x651 C:\Users\User\AppData\Local\Temp\VMBuilds\hAPI_DataTest\arduino_due_x\Release/core.a(HID.cpp.o)

.debug_str      0x00000000     0x4b27
 .debug_str     0x00000000      0x412 C:\Users\User\AppData\Local\Temp\VMBuilds\hAPI_DataTest\arduino_due_x\Release/core/syscalls_sam3.c.o
                                0x496 (size before relaxing)
 .debug_str     0x00000412      0x3e3 C:\Users\User\AppData\Local\Temp\VMBuilds\hAPI_DataTest\arduino_due_x\Release\hAPI_DataTest.cpp.o
                                0x500 (size before relaxing)
 .debug_str     0x000007f5      0xe00 C:\Users\User\AppData\Local\Temp\VMBuilds\hAPI_DataTest\arduino_due_x\Release\variant\variant.cpp.o
                               0x1196 (size before relaxing)
 .debug_str     0x000015f5       0xda C:\Users\User\AppData\Local\Temp\VMBuilds\hAPI_DataTest\arduino_due_x\Release/core.a(cortex_handlers.c.o)
                                0x2c7 (size before relaxing)
 .debug_str     0x000016cf       0x72 C:\Users\User\AppData\Local\Temp\VMBuilds\hAPI_DataTest\arduino_due_x\Release/core.a(hooks.c.o)
                                0x129 (size before relaxing)
 .debug_str     0x00001741      0x7f4 C:\Users\User\AppData\Local\Temp\VMBuilds\hAPI_DataTest\arduino_due_x\Release/core.a(wiring_analog.c.o)
                               0x100c (size before relaxing)